###############################################################################
#
# IAR ELF Linker V7.60.2.11341/W32 for ARM                21/Sep/2017  09:32:33
# Copyright 2007-2016 IAR Systems AB.
#
#    Output file  =  C:\Users\yxd\Desktop\Clock1\Debug\Exe\Clock1.out
#    Map file     =  C:\Users\yxd\Desktop\Clock1\Debug\List\Clock1.map
#    Command line =  
#        C:\Users\yxd\Desktop\Clock1\Debug\Obj\CC1310DK_7XD.o
#        C:\Users\yxd\Desktop\Clock1\Debug\Obj\ccfg.o
#        C:\Users\yxd\Desktop\Clock1\Debug\Obj\clock.o -o
#        C:\Users\yxd\Desktop\Clock1\Debug\Exe\Clock1.out --map
#        C:\Users\yxd\Desktop\Clock1\Debug\List\Clock1.map --log
#        libraries,initialization,redirects,veneers --log_file
#        C:\Users\yxd\Desktop\Clock1\Debug\List\Clock1.log --config
#        C:\Users\yxd\Desktop\Clock1/Clock1_CC1310DK_7XD.icf -f
#        C:\Users\yxd\Desktop\Clock1/configPkg/linker.cmd
#        (C:\Users\yxd\Desktop\Clock1\configPkg\package\cfg\Clock1_prm3.orm3
#        C:/ti/tirtos_cc13xx_cc26xx_2_21_00_06/products/tidrivers_cc13xx_cc26xx_2_21_00_04/packages/ti/mw/display/lib/display.arm3
#        C:/ti/tirtos_cc13xx_cc26xx_2_21_00_06/products/tidrivers_cc13xx_cc26xx_2_21_00_04/packages/ti/mw/lcd/lib/lcd.arm3
#        C:/ti/tirtos_cc13xx_cc26xx_2_21_00_06/products/tidrivers_cc13xx_cc26xx_2_21_00_04/packages/ti/mw/grlib/lib/grlib.arm3
#        C:/ti/tirtos_cc13xx_cc26xx_2_21_00_06/products/tidrivers_cc13xx_cc26xx_2_21_00_04/packages/ti/drivers/rf/lib/rf_singleMode_cc13xxware.arm3
#        C:/ti/tirtos_cc13xx_cc26xx_2_21_00_06/products/tidrivers_cc13xx_cc26xx_2_21_00_04/packages/ti/drivers/lib/drivers_cc13xxware.arm3
#        C:/ti/tirtos_cc13xx_cc26xx_2_21_00_06/products/tidrivers_cc13xx_cc26xx_2_21_00_04/packages/ti/drivers/lib/power_cc13xx_tirtos.arm3
#        C:/ti/tirtos_cc13xx_cc26xx_2_21_00_06/products/tidrivers_cc13xx_cc26xx_2_21_00_04/packages/ti/drivers/pdm/lib/pdm_cc13xxware.arm3
#        C:\ti\tirtos_cc13xx_cc26xx_2_21_00_06\products\tidrivers_cc13xx_cc26xx_2_21_00_04\packages\ti\mw\fatfs\lib\release\ti.mw.fatfs.arm3
#        C:/ti/tirtos_cc13xx_cc26xx_2_21_00_06/products/tidrivers_cc13xx_cc26xx_2_21_00_04/packages/ti/drivers/ports/lib/tirtosport.arm3
#        C:\Users\yxd\Desktop\Clock1\src\sysbios\rom_sysbios.arm3
#        C:\ti\tirtos_cc13xx_cc26xx_2_21_00_06\products\bios_6_46_01_37\packages\iar\targets\arm\rts\lib\release\boot.arm3
#        --entry __iar_program_start --keep __vector_table --define_symbol
#        ti_sysbios_family_arm_m3_Hwi_nvic=0xe000e000 --keep
#        xdc_runtime_Error_policy__C --keep
#        xdc_runtime_IModule_Interface__BASE__C --keep
#        xdc_runtime_Startup_lastFxns__C --keep
#        ti_sysbios_gates_GateMutex_Object__DESC__C --keep
#        ti_sysbios_rom_ROM_ti_sysbios_family_arm_cc26xx_Timer_initDevice__I
#        --keep xdc_runtime_Startup_execImpl__C --keep
#        ti_sysbios_gates_GateMutex_Instance_State_sem__O --keep
#        ti_sysbios_rom_ROM_ti_sysbios_family_arm_cc26xx_Timer_getMaxTicks__E
#        --keep ti_sysbios_knl_Swi_Object__count__C --keep
#        ti_sysbios_knl_Idle_funcList__C --keep
#        ti_sysbios_family_arm_m3_Hwi_Object__PARAMS__C --keep
#        xdc_runtime_Text_isLoaded__C --keep
#        ti_sysbios_knl_Clock_Object__DESC__C --keep
#        ti_sysbios_knl_Mailbox_Instance_State_dataQue__O --keep
#        ti_sysbios_gates_GateMutex_Module__FXNS__C --keep
#        ti_sysbios_knl_Task_Module_State_inactiveQ__O --keep
#        ti_sysbios_family_arm_m3_Hwi_Module__id__C --keep
#        ti_sysbios_family_arm_cc26xx_Timer_Module__id__C --keep
#        ti_sysbios_knl_Mailbox_Object__table__C --keep
#        ti_sysbios_family_arm_m3_Hwi_Object__table__C --keep
#        ti_sysbios_knl_Swi_Object__DESC__C --keep xdc_runtime_Text_charCnt__C
#        --keep ti_sysbios_rom_ROM_ti_sysbios_family_arm_cc26xx_Timer_start__E
#        --keep ti_sysbios_heaps_HeapMem_Object__table__C --keep
#        xdc_runtime_Error_policyFxn__C --keep
#        ti_sysbios_rom_ROM_ti_sysbios_family_arm_cc26xx_Timer_getCount64__E
#        --keep xdc_runtime_Startup_firstFxns__C --keep
#        ti_sysbios_knl_Swi_Object__PARAMS__C --keep
#        ti_sysbios_knl_Clock_serviceMargin__C --keep
#        xdc_runtime_Text_charTab__C --keep
#        ti_sysbios_rom_ROM_AONRTCCurrentCompareValueGet --keep
#        ti_sysbios_rom_ROM_ti_sysbios_family_arm_cc26xx_TimestampProvider_get32__E
#        --keep
#        ti_sysbios_rom_ROM_ti_sysbios_family_arm_cc26xx_Timer_getCurrentTick__E
#        --keep ti_sysbios_family_arm_m3_TaskSupport_stackAlignment__C --keep
#        ti_sysbios_family_arm_m3_Hwi_NUM_INTERRUPTS__C --keep
#        xdc_runtime_Main_Module__diagsMask__C --keep
#        ti_sysbios_knl_Swi_Object__table__C --keep
#        xdc_runtime_Memory_Module__id__C --keep
#        ti_sysbios_knl_Task_Object__PARAMS__C --keep
#        ti_sysbios_gates_GateMutex_Object__PARAMS__C --keep
#        ti_sysbios_heaps_HeapMem_Module__gateObj__C --keep
#        ti_sysbios_family_arm_cc26xx_Timer_startupNeeded__C --keep
#        ti_sysbios_knl_Queue_Object__DESC__C --keep
#        ti_sysbios_knl_Task_Object__DESC__C --keep
#        xdc_runtime_Assert_E_assertFailed__C --keep
#        ti_sysbios_heaps_HeapMem_Object__PARAMS__C --keep
#        ti_sysbios_gates_GateHwi_Module__id__C --keep
#        ti_sysbios_gates_GateHwi_Object__PARAMS__C --keep
#        xdc_runtime_IHeap_Interface__BASE__C --keep
#        xdc_runtime_SysCallback_exitFxn__C --keep
#        ti_sysbios_heaps_HeapMem_Module__id__C --keep
#        ti_sysbios_family_arm_m3_Hwi_excHandlerFunc__C --keep
#        ti_sysbios_heaps_HeapMem_Module__FXNS__C --keep
#        xdc_runtime_System_maxAtexitHandlers__C --keep
#        ti_sysbios_knl_Queue_Object__count__C --keep
#        ti_sysbios_knl_Task_Object__table__C --keep
#        ti_sysbios_knl_Mailbox_Object__DESC__C --keep
#        ti_sysbios_family_arm_m3_Hwi_nullIsrFunc__C --keep
#        ti_sysbios_knl_Clock_tickMode__C --keep
#        ti_sysbios_gates_GateMutex_Module__id__C --keep
#        ti_sysbios_knl_Swi_numPriorities__C --keep
#        ti_sysbios_knl_Task_numConstructedTasks__C --keep
#        xdc_runtime_Startup_maxPasses__C --keep
#        ti_sysbios_rom_ROM_AONRTCEventClear --keep
#        ti_sysbios_knl_Task_initStackFlag__C --keep
#        xdc_runtime_Main_Module__diagsEnabled__C --keep
#        xdc_runtime_Main_Module__diagsIncluded__C --keep
#        xdc_runtime_System_abortFxn__C --keep
#        ti_sysbios_knl_Mailbox_Instance_State_dataSem__O --keep
#        ti_sysbios_gates_GateHwi_Module__FXNS__C --keep
#        ti_sysbios_hal_Hwi_Object__DESC__C --keep
#        ti_sysbios_family_arm_m3_Hwi_priGroup__C --keep
#        xdc_runtime_Error_E_memory__C --keep
#        ti_sysbios_family_arm_m3_Hwi_E_alreadyDefined__C --keep
#        ti_sysbios_knl_Mailbox_Instance_State_freeSem__O --keep
#        ti_sysbios_knl_Queue_Object__table__C --keep
#        ti_sysbios_knl_Semaphore_Object__PARAMS__C --keep
#        xdc_runtime_System_exitFxn__C --keep
#        ti_sysbios_knl_Clock_Object__PARAMS__C --keep
#        ti_sysbios_rom_ROM_AONRTCCompareValueSet --keep
#        ti_sysbios_rom_ROM_ti_sysbios_family_arm_cc26xx_Timer_setNextTick__E
#        --keep ti_sysbios_heaps_HeapMem_reqAlign__C --keep
#        xdc_runtime_Main_Module__id__C --keep xdc_runtime_Startup_sfxnRts__C
#        --keep ti_sysbios_knl_Semaphore_Object__DESC__C --keep
#        ti_sysbios_gates_GateHwi_Object__DESC__C --keep
#        ti_sysbios_heaps_HeapMem_Object__count__C --keep
#        ti_sysbios_family_arm_m3_Hwi_numSparseInterrupts__C --keep
#        ti_sysbios_knl_Mailbox_maxTypeAlign__C --keep
#        ti_sysbios_family_arm_cc26xx_TimestampProvider_useClockTimer__C --keep
#        ti_sysbios_rom_ROM_xdc_runtime_System_SupportProxy_exit__E --keep
#        ti_sysbios_knl_Queue_Object__PARAMS__C --keep
#        ti_sysbios_knl_Task_allBlockedFunc__C --keep
#        ti_sysbios_rom_ROM_xdc_runtime_System_SupportProxy_abort__E --keep
#        ti_sysbios_knl_Mailbox_Object__count__C --keep
#        xdc_runtime_Text_nameStatic__C --keep
#        ti_sysbios_rom_ROM_xdc_runtime_Startup_getState__I --keep
#        ti_sysbios_knl_Clock_Module_State_clockQ__O --keep
#        ti_sysbios_knl_Task_defaultStackSize__C --keep
#        xdc_runtime_IGateProvider_Interface__BASE__C --keep
#        ti_sysbios_family_arm_m3_Hwi_E_hwiLimitExceeded__C --keep
#        xdc_runtime_Startup_startModsFxn__C --keep
#        ti_sysbios_knl_Semaphore_Instance_State_pendQ__O --keep
#        ti_sysbios_family_arm_m3_Hwi_Object__DESC__C --keep
#        xdc_runtime_Text_nameEmpty__C --keep
#        ti_sysbios_family_arm_m3_Hwi_Object__count__C --keep
#        xdc_runtime_SysCallback_abortFxn__C --keep
#        ti_sysbios_knl_Task_defaultStackHeap__C --keep
#        ti_sysbios_family_arm_m3_Hwi_ccr__C --keep
#        ti_sysbios_knl_Mailbox_Object__PARAMS__C --keep
#        ti_sysbios_hal_Hwi_Object__PARAMS__C --keep
#        ti_sysbios_heaps_HeapMem_E_memory__C --keep
#        ti_sysbios_knl_Task_Object__count__C --keep
#        ti_sysbios_rom_ROM_AONRTCChannelEnable --keep
#        ti_sysbios_heaps_HeapMem_Object__DESC__C --keep
#        xdc_runtime_Text_nameUnknown__C --keep
#        xdc_runtime_Memory_defaultHeapInstance__C --keep
#        ti_sysbios_knl_Mailbox_Instance_State_freeQue__O --keep
#        ti_sysbios_rom_ROM_ti_sysbios_family_arm_cc26xx_Timer_setThreshold__I
#        --keep xdc_runtime_Startup_sfxnTab__C --keep
#        ti_sysbios_knl_Clock_Module__state__V --keep
#        ti_sysbios_family_arm_cc26xx_TimestampProvider_Module__state__V --keep
#        xdc_runtime_Startup_Module__state__V --keep
#        ti_sysbios_BIOS_Module__state__V --keep
#        ti_sysbios_knl_Swi_Module__state__V --keep
#        ti_sysbios_knl_Task_Module__state__V --keep
#        xdc_runtime_Memory_Module__state__V --keep
#        xdc_runtime_System_Module__state__V --keep
#        ti_sysbios_family_arm_m3_Hwi_Module__state__V --keep
#        ti_sysbios_family_arm_cc26xx_Timer_Module__state__V --define_symbol
#        memcpy=0x1001ca75 --define_symbol memset=0x1001ca87 --define_symbol
#        ti_sysbios_rom_cortexm_cc13xx_CC13xx_getRevision__E=0x1001ca97
#        --define_symbol ti_sysbios_knl_Queue_get__E=0x1001bf0d --define_symbol
#        ti_sysbios_knl_Swi_enabled__E=0x1001c0e1 --define_symbol
#        ti_sysbios_knl_Clock_scheduleNextTick__E=0x1001beb9 --define_symbol
#        ti_sysbios_knl_Swi_runLoop__I=0x1001b0d5 --define_symbol
#        ti_sysbios_knl_Clock_getTicks__E=0x1001b6d5 --define_symbol
#        ti_sysbios_gates_GateMutex_Object__destruct__S=0x1001bc45
#        --define_symbol ti_sysbios_knl_Queue_enqueue__E=0x1001c1b1
#        --define_symbol ti_sysbios_knl_Queue_put__E=0x1001bf29 --define_symbol
#        ti_sysbios_family_arm_m3_Hwi_Object__create__S=0x1001aab1
#        --define_symbol ti_sysbios_gates_GateHwi_Instance_init__E=0x1001b45f
#        --define_symbol ti_sysbios_hal_Hwi_Instance_finalize__E=0x1001c1ed
#        --define_symbol ti_sysbios_BIOS_RtsGateProxy_leave__E=0x1001c249
#        --define_symbol ti_sysbios_heaps_HeapMem_Object__create__S=0x1001b841
#        --define_symbol xdc_runtime_Error_raiseX__E=0x1001c765 --define_symbol
#        ti_sysbios_knl_Semaphore_construct=0x1001b705 --define_symbol
#        ti_sysbios_knl_Clock_Object__destruct__S=0x1001bce5 --define_symbol
#        ti_sysbios_knl_Clock_TimerProxy_getMaxTicks__E=0x1001c0a1
#        --define_symbol ti_sysbios_knl_Swi_Object__destruct__S=0x1001bf45
#        --define_symbol
#        ti_sysbios_family_arm_cc26xx_TimestampProvider_getFreq__E=0x1001c12b
#        --define_symbol ti_sysbios_gates_GateMutex_Handle__label__S=0x1001bc25
#        --define_symbol ti_sysbios_knl_Mailbox_delete=0x1001c2c1
#        --define_symbol ti_sysbios_knl_Semaphore_destruct=0x1001c2dd
#        --define_symbol ti_sysbios_BIOS_RtsGateProxy_enter__E=0x1001c245
#        --define_symbol ti_sysbios_knl_Task_processVitalTaskFlag__I=0x1001b735
#        --define_symbol ti_sysbios_knl_Mailbox_create=0x1001abdd
#        --define_symbol xdc_runtime_Core_deleteObject__I=0x1001c4f5
#        --define_symbol ti_sysbios_knl_Queue_delete=0x1001c2c9 --define_symbol
#        ti_sysbios_family_arm_m3_Hwi_doSwiRestore__I=0x1001c1f7
#        --define_symbol xdc_runtime_System_atexit__E=0x1001c67d
#        --define_symbol ti_sysbios_gates_GateMutex_Params__init__S=0x1001c175
#        --define_symbol ti_sysbios_knl_Clock_getTimerHandle__E=0x1001c18d
#        --define_symbol ti_sysbios_knl_Task_enable__E=0x1001c23f
#        --define_symbol
#        ti_sysbios_knl_Clock_TimerProxy_getExpiredTicks__E=0x1001c2a9
#        --define_symbol ti_sysbios_knl_Queue_Object__destruct__S=0x1001bef1
#        --define_symbol ti_sysbios_knl_Clock_Object__delete__S=0x1001bad9
#        --define_symbol ti_sysbios_gates_GateMutex_delete=0x1001c269
#        --define_symbol ti_sysbios_heaps_HeapMem_restore__E=0x1001c101
#        --define_symbol ti_sysbios_knl_Swi_create=0x1001ad05 --define_symbol
#        ti_sysbios_heaps_HeapMem_Module_GateProxy_leave__E=0x1001c29d
#        --define_symbol ti_sysbios_knl_Semaphore_pend__E=0x1001a001
#        --define_symbol ti_sysbios_knl_Mailbox_Instance_finalize__E=0x1001a8f9
#        --define_symbol xdc_runtime_Startup_startMods__I=0x1001c309
#        --define_symbol ti_sysbios_heaps_HeapMem_init__I=0x1001b541
#        --define_symbol ti_sysbios_knl_Swi_Object__delete__S=0x1001bda5
#        --define_symbol
#        ti_sysbios_hal_Hwi_HwiProxy_enableInterrupt__E=0x1001c281
#        --define_symbol ti_sysbios_knl_Clock_removeI__E=0x1001c2b9
#        --define_symbol xdc_runtime_System_abort__E=0x1001c745 --define_symbol
#        ti_sysbios_family_arm_m3_Hwi_dispatchC__I=0x1001aa49 --define_symbol
#        ti_sysbios_knl_Swi_construct=0x1001b085 --define_symbol
#        ti_sysbios_knl_Task_sleepTimeout__I=0x1001bf7d --define_symbol
#        ti_sysbios_knl_Queue_remove__E=0x1001c11d --define_symbol
#        ti_sysbios_knl_Semaphore_Instance_finalize__E=0x1001c0c1
#        --define_symbol ti_sysbios_gates_GateMutex_destruct=0x1001c26d
#        --define_symbol
#        ti_sysbios_knl_Task_SupportProxy_Module__startupDone__S=0x1001c2ed
#        --define_symbol ti_sysbios_knl_Queue_Object__delete__S=0x1001bd45
#        --define_symbol ti_sysbios_knl_Mailbox_Object__get__S=0x1001b899
#        --define_symbol
#        ti_sysbios_family_arm_m3_Hwi_Instance_init__E=0x1001a3c5
#        --define_symbol ti_sysbios_knl_Clock_delete=0x1001c2b1 --define_symbol
#        ti_sysbios_knl_Clock_walkQueueDynamic__E=0x1001a809 --define_symbol
#        ti_sysbios_knl_Mailbox_Object__destruct__S=0x1001bed5 --define_symbol
#        ti_sysbios_knl_Mailbox_post__E=0x1001a58d --define_symbol
#        ti_sysbios_knl_Clock_Instance_init__E=0x1001b509 --define_symbol
#        ti_sysbios_knl_Task_allBlockedFunction__I=0x1001b361 --define_symbol
#        ti_sysbios_knl_Task_postInit__I=0x1001a611 --define_symbol
#        ti_sysbios_knl_Task_enter__I=0x1001be05 --define_symbol
#        ti_sysbios_hal_Hwi_switchFromBootStack__E=0x1001c295 --define_symbol
#        ti_sysbios_knl_Semaphore_Object__destruct__S=0x1001bd85
#        --define_symbol
#        ti_sysbios_hal_Hwi_HwiProxy_Object__create__S=0x1001c081
#        --define_symbol
#        ti_sysbios_family_arm_cc26xx_Timer_postInit__I=0x1001b765
#        --define_symbol ti_sysbios_knl_Swi_Module_startup__E=0x1001c233
#        --define_symbol
#        ti_sysbios_gates_GateMutex_Instance_finalize__E=0x1001c071
#        --define_symbol xdc_runtime_Core_assignParams__I=0x1001c5ed
#        --define_symbol
#        ti_sysbios_hal_Hwi_HwiProxy_switchFromBootStack__E=0x1001c28d
#        --define_symbol ti_sysbios_knl_Swi_post__E=0x1001b31d --define_symbol
#        ti_sysbios_hal_Hwi_initStack=0x1001b815 --define_symbol
#        xdc_runtime_Memory_alloc__E=0x1001c485 --define_symbol
#        ti_sysbios_knl_Queue_next__E=0x1001c2d5 --define_symbol
#        ti_sysbios_knl_Clock_Instance_finalize__E=0x1001bfc9 --define_symbol
#        ti_sysbios_knl_Queue_elemClear__E=0x1001c22d --define_symbol
#        ti_sysbios_knl_Clock_Params__init__S=0x1001c181 --define_symbol
#        ti_sysbios_knl_Task_Instance_init__E=0x1001a259 --define_symbol
#        ti_sysbios_hal_Hwi_HwiProxy_startup__E=0x1001c289 --define_symbol
#        ti_sysbios_knl_Task_self__E=0x1001c1e1 --define_symbol
#        ti_sysbios_knl_Task_startup__E=0x1001c305 --define_symbol
#        ti_sysbios_gates_GateHwi_Object__delete__S=0x1001bc05 --define_symbol
#        ti_sysbios_family_arm_cc26xx_Timer_startup__E=0x1001b791
#        --define_symbol xdc_runtime_Memory_free__E=0x1001c7fd --define_symbol
#        ti_sysbios_hal_Hwi_delete=0x1001c291 --define_symbol
#        ti_sysbios_knl_Queue_Instance_init__E=0x1001c227 --define_symbol
#        ti_sysbios_family_arm_cc26xx_Timer_Module_startup__E=0x1001ba6d
#        --define_symbol xdc_runtime_Assert_raise__I=0x1001c5a5 --define_symbol
#        ti_sysbios_hal_Hwi_create=0x1001ab79 --define_symbol
#        ti_sysbios_knl_Task_destruct=0x1001c301 --define_symbol
#        ti_sysbios_hal_Hwi_Module_startup__E=0x1001c01d --define_symbol
#        ti_sysbios_family_arm_m3_Hwi_excHandler__I=0x1001bbc5 --define_symbol
#        xdc_runtime_Core_destructObject__I=0x1001c79d --define_symbol
#        ti_sysbios_knl_Swi_disable__E=0x1001c0d1 --define_symbol
#        ti_sysbios_BIOS_setThreadType__E=0x1001c041 --define_symbol
#        ti_sysbios_knl_Task_disable__E=0x1001c0f1 --define_symbol
#        ti_sysbios_knl_Swi_Instance_init__E=0x1001aca5 --define_symbol
#        ti_sysbios_knl_Semaphore_pendTimeout__I=0x1001b949 --define_symbol
#        ti_sysbios_knl_Clock_create=0x1001b3e9 --define_symbol
#        ti_sysbios_knl_Idle_loop__E=0x1001c207 --define_symbol
#        ti_sysbios_gates_GateHwi_leave__E=0x1001c21b --define_symbol
#        ti_sysbios_family_arm_m3_Hwi_enableInterrupt__E=0x1001b295
#        --define_symbol ti_sysbios_knl_Semaphore_Params__init__S=0x1001c1bd
#        --define_symbol ti_sysbios_knl_Task_unblock__E=0x1001bfb1
#        --define_symbol ti_sysbios_knl_Swi_destruct=0x1001c2e5 --define_symbol
#        ti_sysbios_BIOS_getCpuFreq__E=0x1001bff5 --define_symbol
#        xdc_runtime_Memory_calloc__E=0x1001c849 --define_symbol
#        ti_sysbios_family_arm_m3_Hwi_startup__E=0x1001c1ff --define_symbol
#        xdc_runtime_SysCallback_exit__E=0x1001c81d --define_symbol
#        ti_sysbios_knl_Queue_empty__E=0x1001c10f --define_symbol
#        ti_sysbios_knl_Clock_logTick__E=0x1001be63 --define_symbol
#        ti_sysbios_knl_Task_yield__E=0x1001b3a5 --define_symbol
#        ti_sysbios_knl_Task_SupportProxy_getStackAlignment__E=0x1001c2f1
#        --define_symbol ti_sysbios_family_arm_m3_Hwi_create=0x1001ab15
#        --define_symbol xdc_runtime_Timestamp_SupportProxy_get32__E=0x1001c82d
#        --define_symbol ti_sysbios_family_arm_m3_Hwi_destruct=0x1001c25d
#        --define_symbol
#        ti_sysbios_family_arm_m3_Hwi_doTaskRestore__I=0x1001c20f
#        --define_symbol ti_sysbios_knl_Swi_run__I=0x1001afd9 --define_symbol
#        ti_sysbios_family_arm_cc26xx_Timer_Module__startupDone__S=0x1001bb45
#        --define_symbol xdc_runtime_Core_createObject__I=0x1001c401
#        --define_symbol ti_sysbios_knl_Queue_create=0x1001b91d --define_symbol
#        ti_sysbios_hal_Hwi_Object__delete__S=0x1001bc65 --define_symbol
#        ti_sysbios_knl_Clock_construct=0x1001b575 --define_symbol
#        xdc_runtime_System_abortSpin__E=0x1001c895 --define_symbol
#        ti_sysbios_family_arm_m3_Hwi_Object__destruct__S=0x1001be65
#        --define_symbol ti_sysbios_hal_Hwi_HwiProxy_delete=0x1001c279
#        --define_symbol
#        ti_sysbios_gates_GateMutex_Object__create__S=0x1001b645
#        --define_symbol
#        ti_sysbios_family_arm_m3_Hwi_getStackInfo__E=0x1001b461
#        --define_symbol
#        ti_sysbios_heaps_HeapMem_Module_GateProxy_enter__E=0x1001c299
#        --define_symbol ti_sysbios_knl_Semaphore_post__E=0x1001ac41
#        --define_symbol ti_sysbios_knl_Task_exit__E=0x1001b425 --define_symbol
#        ti_sysbios_heaps_HeapMem_Instance_init__E=0x1001b4d1 --define_symbol
#        ti_sysbios_knl_Swi_restore__E=0x1001b5dd --define_symbol
#        ti_sysbios_knl_Task_startCore__E=0x1001ae75 --define_symbol
#        ti_sysbios_knl_Semaphore_create=0x1001b5a9 --define_symbol
#        ti_sysbios_gates_GateHwi_enter__E=0x1001c169 --define_symbol
#        ti_sysbios_knl_Task_blockI__E=0x1001b611 --define_symbol
#        ti_sysbios_heaps_HeapMem_free__E=0x1001a791 --define_symbol
#        ti_sysbios_knl_Task_Object__destruct__S=0x1001bf61 --define_symbol
#        ti_sysbios_family_arm_cc26xx_Timer_periodicStub__E=0x1001a465
#        --define_symbol ti_sysbios_hal_Hwi_Instance_init__E=0x1001b9f5
#        --define_symbol ti_sysbios_gates_GateHwi_query__E=0x1001c265
#        --define_symbol xdc_runtime_System_processAtExit__E=0x1001c6b5
#        --define_symbol
#        ti_sysbios_family_arm_cc26xx_Timer_setPeriod__E=0x1001c255
#        --define_symbol xdc_runtime_Error_init__E=0x1001c83d --define_symbol
#        ti_sysbios_knl_Semaphore_Instance_init__E=0x1001bafd --define_symbol
#        ti_sysbios_knl_Queue_head__E=0x1001c2d1 --define_symbol
#        xdc_runtime_Error_check__E=0x1001c7b5 --define_symbol
#        xdc_runtime_Error_policySpin__E=0x1001c483 --define_symbol
#        ti_sysbios_gates_GateMutex_create=0x1001b675 --define_symbol
#        xdc_runtime_Gate_leaveSystem__E=0x1001c875 --define_symbol
#        ti_sysbios_knl_Swi_restoreHwi__E=0x1001ad61 --define_symbol
#        ti_sysbios_knl_Task_sleep__E=0x1001a9d9 --define_symbol
#        ti_sysbios_knl_Task_create=0x1001ae19 --define_symbol
#        ti_sysbios_knl_Mailbox_Params__init__S=0x1001c199 --define_symbol
#        ti_sysbios_knl_Task_restoreHwi__E=0x1001be25 --define_symbol
#        ti_sysbios_knl_Mailbox_postInit__I=0x1001b8c5 --define_symbol
#        ti_sysbios_knl_Task_delete=0x1001c2fd --define_symbol
#        ti_sysbios_heaps_HeapMem_isBlocking__E=0x1001c2a1 --define_symbol
#        ti_sysbios_knl_Clock_startI__E=0x1001a715 --define_symbol
#        ti_sysbios_knl_Clock_start__E=0x1001bfdf --define_symbol
#        ti_sysbios_family_arm_m3_Hwi_Object__delete__S=0x1001bba5
#        --define_symbol
#        ti_sysbios_knl_Clock_TimerProxy_getPeriod__E=0x1001c2ad
#        --define_symbol ti_sysbios_knl_Task_SupportProxy_start__E=0x1001c2f5
#        --define_symbol ti_sysbios_heaps_HeapMem_Handle__label__S=0x1001bc85
#        --define_symbol ti_sysbios_family_arm_m3_Hwi_delete=0x1001c259
#        --define_symbol ti_sysbios_knl_Semaphore_Object__delete__S=0x1001bb21
#        --define_symbol ti_sysbios_hal_Hwi_HwiProxy_getStackInfo__E=0x1001c285
#        --define_symbol ti_sysbios_knl_Idle_run__E=0x1001bd05 --define_symbol
#        ti_sysbios_knl_Swi_delete=0x1001c2e1 --define_symbol
#        xdc_runtime_Memory_valloc__E=0x1001c781 --define_symbol
#        ti_sysbios_knl_Mailbox_Object__delete__S=0x1001bd25 --define_symbol
#        ti_sysbios_family_arm_m3_TaskSupport_start__E=0x1001b499
#        --define_symbol
#        ti_sysbios_family_arm_m3_Hwi_Module__startupDone__S=0x1001bb85
#        --define_symbol ti_sysbios_knl_Swi_startup__E=0x1001c239
#        --define_symbol ti_sysbios_knl_Task_schedule__I=0x1001b175
#        --define_symbol ti_sysbios_gates_GateMutex_leave__E=0x1001bf99
#        --define_symbol ti_sysbios_heaps_HeapMem_Object__delete__S=0x1001bca5
#        --define_symbol
#        ti_sysbios_knl_Clock_TimerProxy_setNextTick__E=0x1001c0b1
#        --define_symbol ti_sysbios_knl_Swi_Object__get__S=0x1001b975
#        --define_symbol ti_sysbios_knl_Task_restore__E=0x1001ba45
#        --define_symbol xdc_runtime_Memory_HeapProxy_alloc__E=0x1001c885
#        --define_symbol ti_sysbios_gates_GateHwi_Object__create__S=0x1001ba91
#        --define_symbol
#        ti_sysbios_hal_Hwi_HwiProxy_disableInterrupt__E=0x1001c27d
#        --define_symbol ti_sysbios_BIOS_start__E=0x1001c051 --define_symbol
#        ti_sysbios_BIOS_exit__E=0x1001c031 --define_symbol
#        ti_sysbios_family_arm_m3_TaskSupport_getStackAlignment__E=0x1001c15d
#        --define_symbol xdc_runtime_SysCallback_abort__E=0x1001c80d
#        --define_symbol ti_sysbios_knl_Queue_destruct=0x1001c2cd
#        --define_symbol ti_sysbios_family_arm_m3_Hwi_postInit__I=0x1001a315
#        --define_symbol ti_sysbios_gates_GateMutex_Instance_init__E=0x1001be9d
#        --define_symbol ti_sysbios_knl_Task_Instance_finalize__E=0x1001a4f9
#        --define_symbol
#        ti_sysbios_knl_Clock_TimerProxy_getCurrentTick__E=0x1001c091
#        --define_symbol ti_sysbios_family_arm_m3_Hwi_disableFxn__E=0x1001c145
#        --define_symbol xdc_runtime_Memory_HeapProxy_free__E=0x1001c889
#        --define_symbol ti_sysbios_knl_Mailbox_Module_startup__E=0x1001b2d9
#        --define_symbol ti_sysbios_knl_Task_Object__delete__S=0x1001bdc5
#        --define_symbol ti_sysbios_gates_GateHwi_Handle__label__S=0x1001bbe5
#        --define_symbol xdc_runtime_Text_ropeText__E=0x1001c7e5
#        --define_symbol ti_sysbios_knl_Clock_destruct=0x1001c2b5
#        --define_symbol ti_sysbios_knl_Queue_construct=0x1001b8f1
#        --define_symbol
#        ti_sysbios_family_arm_m3_Hwi_switchFromBootStack__E=0x1001c009
#        --define_symbol ti_sysbios_heaps_HeapMem_Object__get__S=0x1001b86d
#        --define_symbol ti_sysbios_hal_Hwi_HwiProxy_create=0x1001be45
#        --define_symbol ti_sysbios_gates_GateMutex_query__E=0x1001c271
#        --define_symbol ti_sysbios_knl_Swi_schedule__I=0x1001b031
#        --define_symbol ti_sysbios_knl_Task_Params__init__S=0x1001c1d5
#        --define_symbol
#        ti_sysbios_family_arm_m3_Hwi_Params__init__S=0x1001c139
#        --define_symbol ti_sysbios_family_arm_m3_Hwi_plug__E=0x1001c061
#        --define_symbol xdc_runtime_System_exitSpin__E=0x1001c897
#        --define_symbol ti_sysbios_gates_GateMutex_construct=0x1001b7e9
#        --define_symbol
#        xdc_runtime_System_Module_GateProxy_leave__E=0x1001c891
#        --define_symbol ti_sysbios_knl_Mailbox_pend__E=0x1001a969
#        --define_symbol
#        ti_sysbios_family_arm_m3_TaskSupport_Module__startupDone__S=0x1001c261
#        --define_symbol xdc_runtime_Core_assignLabel__I=0x1001c6e9
#        --define_symbol
#        xdc_runtime_System_Module_GateProxy_enter__E=0x1001c88d
#        --define_symbol xdc_runtime_System_exit__E=0x1001c7cd --define_symbol
#        ti_sysbios_knl_Swi_Params__init__S=0x1001c1c9 --define_symbol
#        ti_sysbios_knl_Clock_workFunc__E=0x1001a881 --define_symbol
#        ti_sysbios_family_arm_m3_Hwi_restoreFxn__E=0x1001c215 --define_symbol
#        ti_sysbios_family_arm_cc26xx_TimestampProvider_Module_startup__E=0x1001bb65
#        --define_symbol ti_sysbios_knl_Semaphore_delete=0x1001c2d9
#        --define_symbol
#        ti_sysbios_family_arm_cc26xx_Timer_getPeriod__E=0x1001c251
#        --define_symbol ti_sysbios_family_arm_m3_Hwi_initNVIC__E=0x1001a695
#        --define_symbol ti_sysbios_knl_Clock_addI__E=0x1001ba1d
#        --define_symbol
#        ti_sysbios_family_arm_m3_Hwi_Instance_finalize__E=0x1001aed1
#        --define_symbol ti_sysbios_heaps_HeapMem_alloc__E=0x1001a195
#        --define_symbol ti_sysbios_knl_Task_unblockI__E=0x1001b9a1
#        --define_symbol ti_sysbios_knl_Swi_Instance_finalize__E=0x1001bf97
#        --define_symbol
#        ti_sysbios_family_arm_m3_Hwi_disableInterrupt__E=0x1001b251
#        --define_symbol ti_sysbios_family_arm_m3_Hwi_enableFxn__E=0x1001c151
#        --define_symbol xdc_runtime_Gate_enterSystem__E=0x1001c881
#        --define_symbol
#        ti_sysbios_gates_GateMutex_Object__delete__S=0x1001bab5
#        --define_symbol
#        ti_sysbios_family_arm_cc26xx_TimestampProvider_get64__E=0x1001b9cd
#        --define_symbol ti_sysbios_knl_Mailbox_Instance_init__E=0x1001a0cd
#        --define_symbol xdc_runtime_Text_cordText__E=0x1001c719
#        --define_symbol xdc_runtime_Startup_exec__E=0x1001c555 --define_symbol
#        ti_sysbios_hal_Hwi_HwiProxy_Module__startupDone__S=0x1001c275
#        --define_symbol ti_sysbios_heaps_HeapMem_getStats__E=0x1001b209
#        --define_symbol ti_sysbios_knl_Task_SupportProxy_swap__E=0x1001c2f9
#        --define_symbol
#        xdc_runtime_Memory_getMaxDefaultTypeAlign__E=0x1001c855
#        --define_symbol ti_sysbios_knl_Task_Object__get__S=0x1001bde5
#        --define_symbol ti_sysbios_family_arm_m3_Hwi_construct=0x1001af29
#        --define_symbol
#        ti_sysbios_knl_Clock_TimerProxy_Module__startupDone__S=0x1001c2a5
#        --define_symbol ti_sysbios_knl_Clock_Module_startup__E=0x1001bcc5
#        --define_symbol ti_sysbios_knl_Mailbox_construct=0x1001af81
#        --define_symbol ti_sysbios_knl_Task_construct=0x1001b125
#        --define_symbol xdc_runtime_Core_constructObject__I=0x1001c635
#        --define_symbol ti_sysbios_knl_Queue_dequeue__E=0x1001c1a5
#        --define_symbol ti_sysbios_knl_Task_Module_startup__E=0x1001adbd
#        --define_symbol
#        ti_sysbios_family_arm_cc26xx_Timer_getExpiredTicks__E=0x1001c24d
#        --define_symbol ti_sysbios_family_arm_m3_Hwi_Object__get__S=0x1001b7bd
#        --define_symbol ti_sysbios_knl_Mailbox_destruct=0x1001c2c5
#        --define_symbol xdc_runtime_System_Module_startup__E=0x1001c87b
#        --define_symbol ti_sysbios_knl_Swi_postInit__I=0x1001c2e9
#        --define_symbol
#        ti_sysbios_family_arm_m3_Hwi_Module_startup__E=0x1001b1c1
#        --define_symbol ti_sysbios_gates_GateMutex_enter__E=0x1001b6a5
#        --define_symbol ti_sysbios_family_arm_m3_Hwi_setPriority__E=0x1001be81
#        --define_symbol ti_sysbios_knl_Queue_Object__get__S=0x1001bd65
#        --define_symbol ti_sysbios_knl_Clock_setTimeout__E=0x1001c2bd
#        --define_symbol ti_sysbios_knl_Task_swapReturn=0x1001ca6d
#        --define_symbol ti_sysbios_family_arm_m3_TaskSupport_glue=0x1001ca55
#        --define_symbol
#        ti_sysbios_family_arm_m3_TaskSupport_buildTaskStack=0x1001c969
#        --define_symbol
#        ti_sysbios_family_arm_m3_TaskSupport_swap__E=0x1001ca65
#        --define_symbol
#        ti_sysbios_family_arm_m3_Hwi_excHandlerAsm__I=0x1001c9fd
#        --define_symbol ti_sysbios_family_arm_m3_Hwi_return=0x1001ca53
#        --define_symbol ti_sysbios_family_arm_m3_Hwi_pendSV__I=0x1001ca3b
#        --define_symbol ti_sysbios_family_arm_m3_Hwi_dispatch__I=0x1001c899
#        --define_symbol ti_sysbios_family_xxx_Hwi_switchAndRunFunc=0x1001ca1d
#        --define_symbol ti_sysbios_family_arm_m3_Hwi_initStacks__E=0x1001c9b5
#        --define_symbol
#        ti_sysbios_BIOS_RtsGateProxy_Object__delete__S=0x1001bab5
#        --define_symbol
#        ti_sysbios_BIOS_RtsGateProxy_Params__init__S=0x1001c175
#        --define_symbol
#        ti_sysbios_BIOS_RtsGateProxy_Handle__label__S=0x1001bc25
#        --define_symbol ti_sysbios_BIOS_RtsGateProxy_query__E=0x1001c271
#        --define_symbol ti_sysbios_knl_Clock_TimerProxy_startup__E=0x1001b791
#        --define_symbol ti_sysbios_hal_Hwi_disableInterrupt__E=0x1001c27d
#        --define_symbol ti_sysbios_hal_Hwi_enableInterrupt__E=0x1001c281
#        --define_symbol ti_sysbios_hal_Hwi_getStackInfo__E=0x1001c285
#        --define_symbol ti_sysbios_hal_Hwi_startup__E=0x1001c289
#        --define_symbol
#        ti_sysbios_hal_Hwi_HwiProxy_Object__delete__S=0x1001bba5
#        --define_symbol ti_sysbios_hal_Hwi_HwiProxy_Params__init__S=0x1001c139
#        --define_symbol
#        ti_sysbios_heaps_HeapMem_Module_GateProxy_query__E=0x1001c271
#        --define_symbol
#        ti_sysbios_heaps_HeapMem_Module_GateProxy_Object__delete__S=0x1001bab5
#        --define_symbol
#        ti_sysbios_heaps_HeapMem_Module_GateProxy_Params__init__S=0x1001c175
#        --define_symbol
#        ti_sysbios_heaps_HeapMem_Module_GateProxy_Handle__label__S=0x1001bc25
#        --define_symbol xdc_runtime_Timestamp_SupportProxy_get64__E=0x1001b9cd
#        --define_symbol
#        xdc_runtime_Timestamp_SupportProxy_getFreq__E=0x1001c12b
#        --define_symbol xdc_runtime_Timestamp_get32__E=0x1001c82d
#        --define_symbol xdc_runtime_Timestamp_get64__E=0x1001b9cd
#        --define_symbol xdc_runtime_Timestamp_getFreq__E=0x1001c12b
#        --define_symbol
#        xdc_runtime_Memory_HeapProxy_Object__delete__S=0x1001bca5
#        --define_symbol
#        xdc_runtime_Memory_HeapProxy_Handle__label__S=0x1001bc85
#        --define_symbol
#        xdc_runtime_System_Module_GateProxy_Object__delete__S=0x1001bc05
#        --define_symbol
#        xdc_runtime_System_Module_GateProxy_Handle__label__S=0x1001bbe5
#        --define_symbol
#        xdc_runtime_System_Module_GateProxy_query__E=0x1001c265
#        --define_symbol xdc_runtime_Startup__EXECFXN__C=1 --define_symbol
#        xdc_runtime_Startup__RESETFXN__C=1 --config_search
#        C:/ti/tirtos_cc13xx_cc26xx_2_21_00_06/products/bios_6_46_01_37/packages/ti/sysbios/rom/cortexm/cc13xx/golden/CC13xx/
#        --config_def USE_TIRTOS_ROM=1 --keep __ASM__ --keep __PLAT__ --keep
#        __ISA__ --keep __TARG__ --keep __TRDR__)
#        c:/ti/tirtos_cc13xx_cc26xx_2_21_00_06/products/cc13xxware_2_04_03_17272/driverlib/bin/iar/driverlib.lib
#        --silent --cpu=Cortex-M3 --entry=__iar_program_start --redirect
#        _Printf=_PrintfSmall --redirect _Scanf=_ScanfSmall --semihosting
#        --entry __iar_program_start --vfe
#
###############################################################################

*******************************************************************************
*** RUNTIME MODEL ATTRIBUTES
***

CppFlavor       = *
__SystemLibrary = DLib


*******************************************************************************
*** RESERVED RANGES
***

Ranges reserved by absolute symbols:
   [0x20000000-0x200000c7]


*******************************************************************************
*** PLACEMENT SUMMARY
***

"A1":  place at 0x00000000 { ro section .intvec };
"A2":  place at end of [0x00000000-0x0001ffff] { ro section .ccfg };
"P1":  place in [from 0x00000000 to 0x0001ffff] { ro };
"A4":  place at end of [0x20000000-0x20004fff] { block CSTACK };
"P3":  place in [from 0x20000000 to 0x20004fff] { rw };
"A5":  place at 0x00001490 { ro section .const_xdc_runtime_Error_policy__C };
"A6":  place at 0x0000143c {
          ro section .const_xdc_runtime_IModule_Interface__BASE__C };
"A7":  place at 0x00001420 { ro section .const_xdc_runtime_Startup_lastFxns__C };
"A8":  place at 0x00001210 {
          ro section .const_ti_sysbios_gates_GateMutex_Object__DESC__C };
"A9":  place at 0x000014b0 {
          ro section .const_ti_sysbios_rom_ROM_ti_sysbios_family_arm_cc26xx_Timer_initDevice__I };
"A10": place at 0x00001450 { ro section .const_xdc_runtime_Startup_execImpl__C };
"A11": place at 0x000014d0 {
          ro section .const_ti_sysbios_gates_GateMutex_Instance_State_sem__O };
"A12": place at 0x000014ac {
          ro section .const_ti_sysbios_rom_ROM_ti_sysbios_family_arm_cc26xx_Timer_getMaxTicks__E };
"A13": place at 0x000013e0 {
          ro section .const_ti_sysbios_knl_Swi_Object__count__C };
"A14": place at 0x00001378 { ro section .const_ti_sysbios_knl_Idle_funcList__C };
"A15": place at 0x00001070 {
          ro section .const_ti_sysbios_family_arm_m3_Hwi_Object__PARAMS__C };
"A16": place at 0x0000148e { ro section .const_xdc_runtime_Text_isLoaded__C };
"A17": place at 0x00001270 {
          ro section .const_ti_sysbios_knl_Clock_Object__DESC__C };
"A18": place at 0x000014d8 {
          ro section .const_ti_sysbios_knl_Mailbox_Instance_State_dataQue__O };
"A19": place at 0x00001140 {
          ro section .const_ti_sysbios_gates_GateMutex_Module__FXNS__C };
"A20": place at 0x000014ec {
          ro section .const_ti_sysbios_knl_Task_Module_State_inactiveQ__O };
"A21": place at 0x0000140a {
          ro section .const_ti_sysbios_family_arm_m3_Hwi_Module__id__C };
"A22": place at 0x00001406 {
          ro section .const_ti_sysbios_family_arm_cc26xx_Timer_Module__id__C };
"A23": place at 0x000013d0 {
          ro section .const_ti_sysbios_knl_Mailbox_Object__table__C };
"A24": place at 0x00001398 {
          ro section .const_ti_sysbios_family_arm_m3_Hwi_Object__table__C };
"A25": place at 0x000012f0 {
          ro section .const_ti_sysbios_knl_Swi_Object__DESC__C };
"A26": place at 0x0000148c { ro section .const_xdc_runtime_Text_charCnt__C };
"A27": place at 0x000014bc {
          ro section .const_ti_sysbios_rom_ROM_ti_sysbios_family_arm_cc26xx_Timer_start__E };
"A28": place at 0x000013c0 {
          ro section .const_ti_sysbios_heaps_HeapMem_Object__table__C };
"A29": place at 0x00001430 { ro section .const_xdc_runtime_Error_policyFxn__C };
"A30": place at 0x000014a4 {
          ro section .const_ti_sysbios_rom_ROM_ti_sysbios_family_arm_cc26xx_Timer_getCount64__E };
"A31": place at 0x00001418 {
          ro section .const_xdc_runtime_Startup_firstFxns__C };
"A32": place at 0x000010f4 {
          ro section .const_ti_sysbios_knl_Swi_Object__PARAMS__C };
"A33": place at 0x000013c8 {
          ro section .const_ti_sysbios_knl_Clock_serviceMargin__C };
"A34": place at 0x00001478 { ro section .const_xdc_runtime_Text_charTab__C };
"A35": place at 0x0000149c {
          ro section .const_ti_sysbios_rom_ROM_AONRTCCurrentCompareValueGet };
"A36": place at 0x000014c0 {
          ro section .const_ti_sysbios_rom_ROM_ti_sysbios_family_arm_cc26xx_TimestampProvider_get32__E };
"A37": place at 0x000014a8 {
          ro section .const_ti_sysbios_rom_ROM_ti_sysbios_family_arm_cc26xx_Timer_getCurrentTick__E };
"A38": place at 0x000013b0 {
          ro section .const_ti_sysbios_family_arm_m3_TaskSupport_stackAlignment__C };
"A39": place at 0x00001390 {
          ro section .const_ti_sysbios_family_arm_m3_Hwi_NUM_INTERRUPTS__C };
"A40": place at 0x00001448 {
          ro section .const_xdc_runtime_Main_Module__diagsMask__C };
"A41": place at 0x000013e4 {
          ro section .const_ti_sysbios_knl_Swi_Object__table__C };
"A42": place at 0x0000148a {
          ro section .const_xdc_runtime_Memory_Module__id__C };
"A43": place at 0x00001000 {
          ro section .const_ti_sysbios_knl_Task_Object__PARAMS__C };
"A44": place at 0x00001348 {
          ro section .const_ti_sysbios_gates_GateMutex_Object__PARAMS__C };
"A45": place at 0x000013b8 {
          ro section .const_ti_sysbios_heaps_HeapMem_Module__gateObj__C };
"A46": place at 0x00001384 {
          ro section .const_ti_sysbios_family_arm_cc26xx_Timer_startupNeeded__C };
"A47": place at 0x000012b0 {
          ro section .const_ti_sysbios_knl_Queue_Object__DESC__C };
"A48": place at 0x00001310 {
          ro section .const_ti_sysbios_knl_Task_Object__DESC__C };
"A49": place at 0x00001428 {
          ro section .const_xdc_runtime_Assert_E_assertFailed__C };
"A50": place at 0x00001164 {
          ro section .const_ti_sysbios_heaps_HeapMem_Object__PARAMS__C };
"A51": place at 0x0000140c {
          ro section .const_ti_sysbios_gates_GateHwi_Module__id__C };
"A52": place at 0x00001330 {
          ro section .const_ti_sysbios_gates_GateHwi_Object__PARAMS__C };
"A53": place at 0x00001438 {
          ro section .const_xdc_runtime_IHeap_Interface__BASE__C };
"A54": place at 0x00001468 {
          ro section .const_xdc_runtime_SysCallback_exitFxn__C };
"A55": place at 0x00001410 {
          ro section .const_ti_sysbios_heaps_HeapMem_Module__id__C };
"A56": place at 0x000013a0 {
          ro section .const_ti_sysbios_family_arm_m3_Hwi_excHandlerFunc__C };
"A57": place at 0x000010cc {
          ro section .const_ti_sysbios_heaps_HeapMem_Module__FXNS__C };
"A58": place at 0x00001474 {
          ro section .const_xdc_runtime_System_maxAtexitHandlers__C };
"A59": place at 0x000013d8 {
          ro section .const_ti_sysbios_knl_Queue_Object__count__C };
"A60": place at 0x000013f0 {
          ro section .const_ti_sysbios_knl_Task_Object__table__C };
"A61": place at 0x00001290 {
          ro section .const_ti_sysbios_knl_Mailbox_Object__DESC__C };
"A62": place at 0x000013a4 {
          ro section .const_ti_sysbios_family_arm_m3_Hwi_nullIsrFunc__C };
"A63": place at 0x00001414 {
          ro section .const_ti_sysbios_knl_Clock_tickMode__C };
"A64": place at 0x0000140e {
          ro section .const_ti_sysbios_gates_GateMutex_Module__id__C };
"A65": place at 0x000013e8 {
          ro section .const_ti_sysbios_knl_Swi_numPriorities__C };
"A66": place at 0x00001400 {
          ro section .const_ti_sysbios_knl_Task_numConstructedTasks__C };
"A67": place at 0x00001454 {
          ro section .const_xdc_runtime_Startup_maxPasses__C };
"A68": place at 0x000014a0 {
          ro section .const_ti_sysbios_rom_ROM_AONRTCEventClear };
"A69": place at 0x00001412 {
          ro section .const_ti_sysbios_knl_Task_initStackFlag__C };
"A70": place at 0x00001440 {
          ro section .const_xdc_runtime_Main_Module__diagsEnabled__C };
"A71": place at 0x00001444 {
          ro section .const_xdc_runtime_Main_Module__diagsIncluded__C };
"A72": place at 0x0000146c { ro section .const_xdc_runtime_System_abortFxn__C };
"A73": place at 0x000014dc {
          ro section .const_ti_sysbios_knl_Mailbox_Instance_State_dataSem__O };
"A74": place at 0x0000111c {
          ro section .const_ti_sysbios_gates_GateHwi_Module__FXNS__C };
"A75": place at 0x00001230 {
          ro section .const_ti_sysbios_hal_Hwi_Object__DESC__C };
"A76": place at 0x000013ac {
          ro section .const_ti_sysbios_family_arm_m3_Hwi_priGroup__C };
"A77": place at 0x0000142c { ro section .const_xdc_runtime_Error_E_memory__C };
"A78": place at 0x00001388 {
          ro section .const_ti_sysbios_family_arm_m3_Hwi_E_alreadyDefined__C };
"A79": place at 0x000014e4 {
          ro section .const_ti_sysbios_knl_Mailbox_Instance_State_freeSem__O };
"A80": place at 0x000013dc {
          ro section .const_ti_sysbios_knl_Queue_Object__table__C };
"A81": place at 0x000011ac {
          ro section .const_ti_sysbios_knl_Semaphore_Object__PARAMS__C };
"A82": place at 0x00001470 { ro section .const_xdc_runtime_System_exitFxn__C };
"A83": place at 0x00001188 {
          ro section .const_ti_sysbios_knl_Clock_Object__PARAMS__C };
"A84": place at 0x00001498 {
          ro section .const_ti_sysbios_rom_ROM_AONRTCCompareValueSet };
"A85": place at 0x000014b4 {
          ro section .const_ti_sysbios_rom_ROM_ti_sysbios_family_arm_cc26xx_Timer_setNextTick__E };
"A86": place at 0x000013c4 {
          ro section .const_ti_sysbios_heaps_HeapMem_reqAlign__C };
"A87": place at 0x00001488 { ro section .const_xdc_runtime_Main_Module__id__C };
"A88": place at 0x00001458 { ro section .const_xdc_runtime_Startup_sfxnRts__C };
"A89": place at 0x000012d0 {
          ro section .const_ti_sysbios_knl_Semaphore_Object__DESC__C };
"A90": place at 0x000011f0 {
          ro section .const_ti_sysbios_gates_GateHwi_Object__DESC__C };
"A91": place at 0x000013bc {
          ro section .const_ti_sysbios_heaps_HeapMem_Object__count__C };
"A92": place at 0x000013a8 {
          ro section .const_ti_sysbios_family_arm_m3_Hwi_numSparseInterrupts__C };
"A93": place at 0x000013d4 {
          ro section .const_ti_sysbios_knl_Mailbox_maxTypeAlign__C };
"A94": place at 0x00001408 {
          ro section .const_ti_sysbios_family_arm_cc26xx_TimestampProvider_useClockTimer__C };
"A95": place at 0x000014cc {
          ro section .const_ti_sysbios_rom_ROM_xdc_runtime_System_SupportProxy_exit__E };
"A96": place at 0x00001360 {
          ro section .const_ti_sysbios_knl_Queue_Object__PARAMS__C };
"A97": place at 0x000013f4 {
          ro section .const_ti_sysbios_knl_Task_allBlockedFunc__C };
"A98": place at 0x000014c8 {
          ro section .const_ti_sysbios_rom_ROM_xdc_runtime_System_SupportProxy_abort__E };
"A99": place at 0x000013cc {
          ro section .const_ti_sysbios_knl_Mailbox_Object__count__C };
"A100":
       place at 0x00001480 { ro section .const_xdc_runtime_Text_nameStatic__C };
"A101":
       place at 0x000014c4 {
          ro section .const_ti_sysbios_rom_ROM_xdc_runtime_Startup_getState__I };
"A102":
       place at 0x000014d4 {
          ro section .const_ti_sysbios_knl_Clock_Module_State_clockQ__O };
"A103":
       place at 0x000013fc {
          ro section .const_ti_sysbios_knl_Task_defaultStackSize__C };
"A104":
       place at 0x00001434 {
          ro section .const_xdc_runtime_IGateProvider_Interface__BASE__C };
"A105":
       place at 0x0000138c {
          ro section .const_ti_sysbios_family_arm_m3_Hwi_E_hwiLimitExceeded__C };
"A106":
       place at 0x00001460 {
          ro section .const_xdc_runtime_Startup_startModsFxn__C };
"A107":
       place at 0x000014e8 {
          ro section .const_ti_sysbios_knl_Semaphore_Instance_State_pendQ__O };
"A108":
       place at 0x000011d0 {
          ro section .const_ti_sysbios_family_arm_m3_Hwi_Object__DESC__C };
"A109":
       place at 0x0000147c { ro section .const_xdc_runtime_Text_nameEmpty__C };
"A110":
       place at 0x00001394 {
          ro section .const_ti_sysbios_family_arm_m3_Hwi_Object__count__C };
"A111":
       place at 0x00001464 {
          ro section .const_xdc_runtime_SysCallback_abortFxn__C };
"A112":
       place at 0x000013f8 {
          ro section .const_ti_sysbios_knl_Task_defaultStackHeap__C };
"A113":
       place at 0x0000139c {
          ro section .const_ti_sysbios_family_arm_m3_Hwi_ccr__C };
"A114":
       place at 0x0000103c {
          ro section .const_ti_sysbios_knl_Mailbox_Object__PARAMS__C };
"A115":
       place at 0x000010a0 {
          ro section .const_ti_sysbios_hal_Hwi_Object__PARAMS__C };
"A116":
       place at 0x000013b4 {
          ro section .const_ti_sysbios_heaps_HeapMem_E_memory__C };
"A117":
       place at 0x000013ec {
          ro section .const_ti_sysbios_knl_Task_Object__count__C };
"A118":
       place at 0x00001494 {
          ro section .const_ti_sysbios_rom_ROM_AONRTCChannelEnable };
"A119":
       place at 0x00001250 {
          ro section .const_ti_sysbios_heaps_HeapMem_Object__DESC__C };
"A120":
       place at 0x00001484 { ro section .const_xdc_runtime_Text_nameUnknown__C };
"A121":
       place at 0x0000144c {
          ro section .const_xdc_runtime_Memory_defaultHeapInstance__C };
"A122":
       place at 0x000014e0 {
          ro section .const_ti_sysbios_knl_Mailbox_Instance_State_freeQue__O };
"A123":
       place at 0x000014b8 {
          ro section .const_ti_sysbios_rom_ROM_ti_sysbios_family_arm_cc26xx_Timer_setThreshold__I };
"A124":
       place at 0x0000145c { ro section .const_xdc_runtime_Startup_sfxnTab__C };
"A125":
       place at 0x20000178 {
          rw section .data_ti_sysbios_knl_Clock_Module__state__V };
"A126":
       place at 0x200001ec {
          rw section .data_ti_sysbios_family_arm_cc26xx_TimestampProvider_Module__state__V };
"A127":
       place at 0x200001f0 {
          rw section .data_xdc_runtime_Startup_Module__state__V };
"A128":
       place at 0x200001a4 { rw section .data_ti_sysbios_BIOS_Module__state__V };
"A129":
       place at 0x200001c8 {
          rw section .data_ti_sysbios_knl_Swi_Module__state__V };
"A130":
       place at 0x20000100 {
          rw section .data_ti_sysbios_knl_Task_Module__state__V };
"A131":
       place at 0x20000200 {
          rw section .data_xdc_runtime_Memory_Module__state__V };
"A132":
       place at 0x200001f8 {
          rw section .data_xdc_runtime_System_Module__state__V };
"A133":
       place at 0x20000144 {
          rw section .data_ti_sysbios_family_arm_m3_Hwi_Module__state__V };
"A134":
       place at 0x200001e4 {
          rw section .data_ti_sysbios_family_arm_cc26xx_Timer_Module__state__V };
initialize by copy { rw };
 { section .intvec };
 { section .ccfg };

  Section                 Kind        Address    Size  Object
  -------                 ----        -------    ----  ------
"A1":                                            0x3c
  .intvec                 const    0x00000000    0x3c  Clock1_prm3.orm3 [2]
                                 - 0x0000003c    0x3c

"P1", part 1 of 2:                                0x0
  .rodata                 const    0x0000003c     0x0  zero_init3.o [13]
  .rodata                 const    0x0000003c     0x0  lz77_init_single.o [13]

"A43":                                           0x3c
  .const_ti_sysbios_knl_Task_Object__PARAMS__C
                          const    0x00001000    0x3c  Clock1_prm3.orm3 [2]
                                 - 0x0000103c    0x3c

"A114":                                          0x34
  .const_ti_sysbios_knl_Mailbox_Object__PARAMS__C
                          const    0x0000103c    0x34  Clock1_prm3.orm3 [2]
                                 - 0x00001070    0x34

"A15":                                           0x30
  .const_ti_sysbios_family_arm_m3_Hwi_Object__PARAMS__C
                          const    0x00001070    0x30  Clock1_prm3.orm3 [2]
                                 - 0x000010a0    0x30

"A115":                                          0x2c
  .const_ti_sysbios_hal_Hwi_Object__PARAMS__C
                          const    0x000010a0    0x2c  Clock1_prm3.orm3 [2]
                                 - 0x000010cc    0x2c

"A57":                                           0x28
  .const_ti_sysbios_heaps_HeapMem_Module__FXNS__C
                          const    0x000010cc    0x28  Clock1_prm3.orm3 [2]
                                 - 0x000010f4    0x28

"A32":                                           0x28
  .const_ti_sysbios_knl_Swi_Object__PARAMS__C
                          const    0x000010f4    0x28  Clock1_prm3.orm3 [2]
                                 - 0x0000111c    0x28

"A74":                                           0x24
  .const_ti_sysbios_gates_GateHwi_Module__FXNS__C
                          const    0x0000111c    0x24  Clock1_prm3.orm3 [2]
                                 - 0x00001140    0x24

"A19":                                           0x24
  .const_ti_sysbios_gates_GateMutex_Module__FXNS__C
                          const    0x00001140    0x24  Clock1_prm3.orm3 [2]
                                 - 0x00001164    0x24

"A50":                                           0x24
  .const_ti_sysbios_heaps_HeapMem_Object__PARAMS__C
                          const    0x00001164    0x24  Clock1_prm3.orm3 [2]
                                 - 0x00001188    0x24

"A83":                                           0x24
  .const_ti_sysbios_knl_Clock_Object__PARAMS__C
                          const    0x00001188    0x24  Clock1_prm3.orm3 [2]
                                 - 0x000011ac    0x24

"A81":                                           0x24
  .const_ti_sysbios_knl_Semaphore_Object__PARAMS__C
                          const    0x000011ac    0x24  Clock1_prm3.orm3 [2]
                                 - 0x000011d0    0x24

"A108":                                          0x20
  .const_ti_sysbios_family_arm_m3_Hwi_Object__DESC__C
                          const    0x000011d0    0x20  Clock1_prm3.orm3 [2]
                                 - 0x000011f0    0x20

"A90":                                           0x20
  .const_ti_sysbios_gates_GateHwi_Object__DESC__C
                          const    0x000011f0    0x20  Clock1_prm3.orm3 [2]
                                 - 0x00001210    0x20

"A8":                                            0x20
  .const_ti_sysbios_gates_GateMutex_Object__DESC__C
                          const    0x00001210    0x20  Clock1_prm3.orm3 [2]
                                 - 0x00001230    0x20

"A75":                                           0x20
  .const_ti_sysbios_hal_Hwi_Object__DESC__C
                          const    0x00001230    0x20  Clock1_prm3.orm3 [2]
                                 - 0x00001250    0x20

"A119":                                          0x20
  .const_ti_sysbios_heaps_HeapMem_Object__DESC__C
                          const    0x00001250    0x20  Clock1_prm3.orm3 [2]
                                 - 0x00001270    0x20

"A17":                                           0x20
  .const_ti_sysbios_knl_Clock_Object__DESC__C
                          const    0x00001270    0x20  Clock1_prm3.orm3 [2]
                                 - 0x00001290    0x20

"A61":                                           0x20
  .const_ti_sysbios_knl_Mailbox_Object__DESC__C
                          const    0x00001290    0x20  Clock1_prm3.orm3 [2]
                                 - 0x000012b0    0x20

"A47":                                           0x20
  .const_ti_sysbios_knl_Queue_Object__DESC__C
                          const    0x000012b0    0x20  Clock1_prm3.orm3 [2]
                                 - 0x000012d0    0x20

"A89":                                           0x20
  .const_ti_sysbios_knl_Semaphore_Object__DESC__C
                          const    0x000012d0    0x20  Clock1_prm3.orm3 [2]
                                 - 0x000012f0    0x20

"A25":                                           0x20
  .const_ti_sysbios_knl_Swi_Object__DESC__C
                          const    0x000012f0    0x20  Clock1_prm3.orm3 [2]
                                 - 0x00001310    0x20

"A48":                                           0x20
  .const_ti_sysbios_knl_Task_Object__DESC__C
                          const    0x00001310    0x20  Clock1_prm3.orm3 [2]
                                 - 0x00001330    0x20

"A52":                                           0x18
  .const_ti_sysbios_gates_GateHwi_Object__PARAMS__C
                          const    0x00001330    0x18  Clock1_prm3.orm3 [2]
                                 - 0x00001348    0x18

"A44":                                           0x18
  .const_ti_sysbios_gates_GateMutex_Object__PARAMS__C
                          const    0x00001348    0x18  Clock1_prm3.orm3 [2]
                                 - 0x00001360    0x18

"A96":                                           0x18
  .const_ti_sysbios_knl_Queue_Object__PARAMS__C
                          const    0x00001360    0x18  Clock1_prm3.orm3 [2]
                                 - 0x00001378    0x18

"A14":                                            0x8
  .const_ti_sysbios_knl_Idle_funcList__C
                          const    0x00001378     0x8  Clock1_prm3.orm3 [2]
                                 - 0x00001380     0x8

"A46":                                            0x4
  .const_ti_sysbios_family_arm_cc26xx_Timer_startupNeeded__C
                          const    0x00001384     0x4  Clock1_prm3.orm3 [2]
                                 - 0x00001388     0x4

"A78":                                            0x4
  .const_ti_sysbios_family_arm_m3_Hwi_E_alreadyDefined__C
                          const    0x00001388     0x4  Clock1_prm3.orm3 [2]
                                 - 0x0000138c     0x4

"A105":                                           0x4
  .const_ti_sysbios_family_arm_m3_Hwi_E_hwiLimitExceeded__C
                          const    0x0000138c     0x4  Clock1_prm3.orm3 [2]
                                 - 0x00001390     0x4

"A39":                                            0x4
  .const_ti_sysbios_family_arm_m3_Hwi_NUM_INTERRUPTS__C
                          const    0x00001390     0x4  Clock1_prm3.orm3 [2]
                                 - 0x00001394     0x4

"A110":                                           0x4
  .const_ti_sysbios_family_arm_m3_Hwi_Object__count__C
                          const    0x00001394     0x4  Clock1_prm3.orm3 [2]
                                 - 0x00001398     0x4

"A24":                                            0x4
  .const_ti_sysbios_family_arm_m3_Hwi_Object__table__C
                          const    0x00001398     0x4  Clock1_prm3.orm3 [2]
                                 - 0x0000139c     0x4

"A113":                                           0x4
  .const_ti_sysbios_family_arm_m3_Hwi_ccr__C
                          const    0x0000139c     0x4  Clock1_prm3.orm3 [2]
                                 - 0x000013a0     0x4

"A56":                                            0x4
  .const_ti_sysbios_family_arm_m3_Hwi_excHandlerFunc__C
                          const    0x000013a0     0x4  Clock1_prm3.orm3 [2]
                                 - 0x000013a4     0x4

"A62":                                            0x4
  .const_ti_sysbios_family_arm_m3_Hwi_nullIsrFunc__C
                          const    0x000013a4     0x4  Clock1_prm3.orm3 [2]
                                 - 0x000013a8     0x4

"A92":                                            0x4
  .const_ti_sysbios_family_arm_m3_Hwi_numSparseInterrupts__C
                          const    0x000013a8     0x4  Clock1_prm3.orm3 [2]
                                 - 0x000013ac     0x4

"A76":                                            0x4
  .const_ti_sysbios_family_arm_m3_Hwi_priGroup__C
                          const    0x000013ac     0x4  Clock1_prm3.orm3 [2]
                                 - 0x000013b0     0x4

"A38":                                            0x4
  .const_ti_sysbios_family_arm_m3_TaskSupport_stackAlignment__C
                          const    0x000013b0     0x4  Clock1_prm3.orm3 [2]
                                 - 0x000013b4     0x4

"A116":                                           0x4
  .const_ti_sysbios_heaps_HeapMem_E_memory__C
                          const    0x000013b4     0x4  Clock1_prm3.orm3 [2]
                                 - 0x000013b8     0x4

"A45":                                            0x4
  .const_ti_sysbios_heaps_HeapMem_Module__gateObj__C
                          const    0x000013b8     0x4  Clock1_prm3.orm3 [2]
                                 - 0x000013bc     0x4

"A91":                                            0x4
  .const_ti_sysbios_heaps_HeapMem_Object__count__C
                          const    0x000013bc     0x4  Clock1_prm3.orm3 [2]
                                 - 0x000013c0     0x4

"A28":                                            0x4
  .const_ti_sysbios_heaps_HeapMem_Object__table__C
                          const    0x000013c0     0x4  Clock1_prm3.orm3 [2]
                                 - 0x000013c4     0x4

"A86":                                            0x4
  .const_ti_sysbios_heaps_HeapMem_reqAlign__C
                          const    0x000013c4     0x4  Clock1_prm3.orm3 [2]
                                 - 0x000013c8     0x4

"A33":                                            0x4
  .const_ti_sysbios_knl_Clock_serviceMargin__C
                          const    0x000013c8     0x4  Clock1_prm3.orm3 [2]
                                 - 0x000013cc     0x4

"A99":                                            0x4
  .const_ti_sysbios_knl_Mailbox_Object__count__C
                          const    0x000013cc     0x4  Clock1_prm3.orm3 [2]
                                 - 0x000013d0     0x4

"A23":                                            0x4
  .const_ti_sysbios_knl_Mailbox_Object__table__C
                          const    0x000013d0     0x4  Clock1_prm3.orm3 [2]
                                 - 0x000013d4     0x4

"A93":                                            0x4
  .const_ti_sysbios_knl_Mailbox_maxTypeAlign__C
                          const    0x000013d4     0x4  Clock1_prm3.orm3 [2]
                                 - 0x000013d8     0x4

"A59":                                            0x4
  .const_ti_sysbios_knl_Queue_Object__count__C
                          const    0x000013d8     0x4  Clock1_prm3.orm3 [2]
                                 - 0x000013dc     0x4

"A80":                                            0x4
  .const_ti_sysbios_knl_Queue_Object__table__C
                          const    0x000013dc     0x4  Clock1_prm3.orm3 [2]
                                 - 0x000013e0     0x4

"A13":                                            0x4
  .const_ti_sysbios_knl_Swi_Object__count__C
                          const    0x000013e0     0x4  Clock1_prm3.orm3 [2]
                                 - 0x000013e4     0x4

"A41":                                            0x4
  .const_ti_sysbios_knl_Swi_Object__table__C
                          const    0x000013e4     0x4  Clock1_prm3.orm3 [2]
                                 - 0x000013e8     0x4

"A65":                                            0x4
  .const_ti_sysbios_knl_Swi_numPriorities__C
                          const    0x000013e8     0x4  Clock1_prm3.orm3 [2]
                                 - 0x000013ec     0x4

"A117":                                           0x4
  .const_ti_sysbios_knl_Task_Object__count__C
                          const    0x000013ec     0x4  Clock1_prm3.orm3 [2]
                                 - 0x000013f0     0x4

"A60":                                            0x4
  .const_ti_sysbios_knl_Task_Object__table__C
                          const    0x000013f0     0x4  Clock1_prm3.orm3 [2]
                                 - 0x000013f4     0x4

"A97":                                            0x4
  .const_ti_sysbios_knl_Task_allBlockedFunc__C
                          const    0x000013f4     0x4  Clock1_prm3.orm3 [2]
                                 - 0x000013f8     0x4

"A112":                                           0x4
  .const_ti_sysbios_knl_Task_defaultStackHeap__C
                          const    0x000013f8     0x4  Clock1_prm3.orm3 [2]
                                 - 0x000013fc     0x4

"A103":                                           0x4
  .const_ti_sysbios_knl_Task_defaultStackSize__C
                          const    0x000013fc     0x4  Clock1_prm3.orm3 [2]
                                 - 0x00001400     0x4

"A66":                                            0x4
  .const_ti_sysbios_knl_Task_numConstructedTasks__C
                          const    0x00001400     0x4  Clock1_prm3.orm3 [2]
                                 - 0x00001404     0x4

"A22":                                            0x2
  .const_ti_sysbios_family_arm_cc26xx_Timer_Module__id__C
                          const    0x00001406     0x2  Clock1_prm3.orm3 [2]
                                 - 0x00001408     0x2

"A94":                                            0x2
  .const_ti_sysbios_family_arm_cc26xx_TimestampProvider_useClockTimer__C
                          const    0x00001408     0x2  Clock1_prm3.orm3 [2]
                                 - 0x0000140a     0x2

"A21":                                            0x2
  .const_ti_sysbios_family_arm_m3_Hwi_Module__id__C
                          const    0x0000140a     0x2  Clock1_prm3.orm3 [2]
                                 - 0x0000140c     0x2

"A51":                                            0x2
  .const_ti_sysbios_gates_GateHwi_Module__id__C
                          const    0x0000140c     0x2  Clock1_prm3.orm3 [2]
                                 - 0x0000140e     0x2

"A64":                                            0x2
  .const_ti_sysbios_gates_GateMutex_Module__id__C
                          const    0x0000140e     0x2  Clock1_prm3.orm3 [2]
                                 - 0x00001410     0x2

"A55":                                            0x2
  .const_ti_sysbios_heaps_HeapMem_Module__id__C
                          const    0x00001410     0x2  Clock1_prm3.orm3 [2]
                                 - 0x00001412     0x2

"A69":                                            0x2
  .const_ti_sysbios_knl_Task_initStackFlag__C
                          const    0x00001412     0x2  Clock1_prm3.orm3 [2]
                                 - 0x00001414     0x2

"A63":                                            0x1
  .const_ti_sysbios_knl_Clock_tickMode__C
                          const    0x00001414     0x1  Clock1_prm3.orm3 [2]
                                 - 0x00001415     0x1

"A31":                                            0x8
  .const_xdc_runtime_Startup_firstFxns__C
                          const    0x00001418     0x8  Clock1_prm3.orm3 [2]
                                 - 0x00001420     0x8

"A7":                                             0x8
  .const_xdc_runtime_Startup_lastFxns__C
                          const    0x00001420     0x8  Clock1_prm3.orm3 [2]
                                 - 0x00001428     0x8

"A49":                                            0x4
  .const_xdc_runtime_Assert_E_assertFailed__C
                          const    0x00001428     0x4  Clock1_prm3.orm3 [2]
                                 - 0x0000142c     0x4

"A77":                                            0x4
  .const_xdc_runtime_Error_E_memory__C
                          const    0x0000142c     0x4  Clock1_prm3.orm3 [2]
                                 - 0x00001430     0x4

"A29":                                            0x4
  .const_xdc_runtime_Error_policyFxn__C
                          const    0x00001430     0x4  Clock1_prm3.orm3 [2]
                                 - 0x00001434     0x4

"A104":                                           0x4
  .const_xdc_runtime_IGateProvider_Interface__BASE__C
                          const    0x00001434     0x4  Clock1_prm3.orm3 [2]
                                 - 0x00001438     0x4

"A53":                                            0x4
  .const_xdc_runtime_IHeap_Interface__BASE__C
                          const    0x00001438     0x4  Clock1_prm3.orm3 [2]
                                 - 0x0000143c     0x4

"A6":                                             0x4
  .const_xdc_runtime_IModule_Interface__BASE__C
                          const    0x0000143c     0x4  Clock1_prm3.orm3 [2]
                                 - 0x00001440     0x4

"A70":                                            0x4
  .const_xdc_runtime_Main_Module__diagsEnabled__C
                          const    0x00001440     0x4  Clock1_prm3.orm3 [2]
                                 - 0x00001444     0x4

"A71":                                            0x4
  .const_xdc_runtime_Main_Module__diagsIncluded__C
                          const    0x00001444     0x4  Clock1_prm3.orm3 [2]
                                 - 0x00001448     0x4

"A40":                                            0x4
  .const_xdc_runtime_Main_Module__diagsMask__C
                          const    0x00001448     0x4  Clock1_prm3.orm3 [2]
                                 - 0x0000144c     0x4

"A121":                                           0x4
  .const_xdc_runtime_Memory_defaultHeapInstance__C
                          const    0x0000144c     0x4  Clock1_prm3.orm3 [2]
                                 - 0x00001450     0x4

"A10":                                            0x4
  .const_xdc_runtime_Startup_execImpl__C
                          const    0x00001450     0x4  Clock1_prm3.orm3 [2]
                                 - 0x00001454     0x4

"A67":                                            0x4
  .const_xdc_runtime_Startup_maxPasses__C
                          const    0x00001454     0x4  Clock1_prm3.orm3 [2]
                                 - 0x00001458     0x4

"A88":                                            0x4
  .const_xdc_runtime_Startup_sfxnRts__C
                          const    0x00001458     0x4  Clock1_prm3.orm3 [2]
                                 - 0x0000145c     0x4

"A124":                                           0x4
  .const_xdc_runtime_Startup_sfxnTab__C
                          const    0x0000145c     0x4  Clock1_prm3.orm3 [2]
                                 - 0x00001460     0x4

"A106":                                           0x4
  .const_xdc_runtime_Startup_startModsFxn__C
                          const    0x00001460     0x4  Clock1_prm3.orm3 [2]
                                 - 0x00001464     0x4

"A111":                                           0x4
  .const_xdc_runtime_SysCallback_abortFxn__C
                          const    0x00001464     0x4  Clock1_prm3.orm3 [2]
                                 - 0x00001468     0x4

"A54":                                            0x4
  .const_xdc_runtime_SysCallback_exitFxn__C
                          const    0x00001468     0x4  Clock1_prm3.orm3 [2]
                                 - 0x0000146c     0x4

"A72":                                            0x4
  .const_xdc_runtime_System_abortFxn__C
                          const    0x0000146c     0x4  Clock1_prm3.orm3 [2]
                                 - 0x00001470     0x4

"A82":                                            0x4
  .const_xdc_runtime_System_exitFxn__C
                          const    0x00001470     0x4  Clock1_prm3.orm3 [2]
                                 - 0x00001474     0x4

"A58":                                            0x4
  .const_xdc_runtime_System_maxAtexitHandlers__C
                          const    0x00001474     0x4  Clock1_prm3.orm3 [2]
                                 - 0x00001478     0x4

"A34":                                            0x4
  .const_xdc_runtime_Text_charTab__C
                          const    0x00001478     0x4  Clock1_prm3.orm3 [2]
                                 - 0x0000147c     0x4

"A109":                                           0x4
  .const_xdc_runtime_Text_nameEmpty__C
                          const    0x0000147c     0x4  Clock1_prm3.orm3 [2]
                                 - 0x00001480     0x4

"A100":                                           0x4
  .const_xdc_runtime_Text_nameStatic__C
                          const    0x00001480     0x4  Clock1_prm3.orm3 [2]
                                 - 0x00001484     0x4

"A120":                                           0x4
  .const_xdc_runtime_Text_nameUnknown__C
                          const    0x00001484     0x4  Clock1_prm3.orm3 [2]
                                 - 0x00001488     0x4

"A87":                                            0x2
  .const_xdc_runtime_Main_Module__id__C
                          const    0x00001488     0x2  Clock1_prm3.orm3 [2]
                                 - 0x0000148a     0x2

"A42":                                            0x2
  .const_xdc_runtime_Memory_Module__id__C
                          const    0x0000148a     0x2  Clock1_prm3.orm3 [2]
                                 - 0x0000148c     0x2

"A26":                                            0x2
  .const_xdc_runtime_Text_charCnt__C
                          const    0x0000148c     0x2  Clock1_prm3.orm3 [2]
                                 - 0x0000148e     0x2

"A16":                                            0x2
  .const_xdc_runtime_Text_isLoaded__C
                          const    0x0000148e     0x2  Clock1_prm3.orm3 [2]
                                 - 0x00001490     0x2

"A5":                                             0x1
  .const_xdc_runtime_Error_policy__C
                          const    0x00001490     0x1  Clock1_prm3.orm3 [2]
                                 - 0x00001491     0x1

"A118":                                           0x4
  .const_ti_sysbios_rom_ROM_AONRTCChannelEnable
                          const    0x00001494     0x4  Clock1_prm3.orm3 [2]
                                 - 0x00001498     0x4

"A84":                                            0x4
  .const_ti_sysbios_rom_ROM_AONRTCCompareValueSet
                          const    0x00001498     0x4  Clock1_prm3.orm3 [2]
                                 - 0x0000149c     0x4

"A35":                                            0x4
  .const_ti_sysbios_rom_ROM_AONRTCCurrentCompareValueGet
                          const    0x0000149c     0x4  Clock1_prm3.orm3 [2]
                                 - 0x000014a0     0x4

"A68":                                            0x4
  .const_ti_sysbios_rom_ROM_AONRTCEventClear
                          const    0x000014a0     0x4  Clock1_prm3.orm3 [2]
                                 - 0x000014a4     0x4

"A30":                                            0x4
  .const_ti_sysbios_rom_ROM_ti_sysbios_family_arm_cc26xx_Timer_getCount64__E
                          const    0x000014a4     0x4  Clock1_prm3.orm3 [2]
                                 - 0x000014a8     0x4

"A37":                                            0x4
  .const_ti_sysbios_rom_ROM_ti_sysbios_family_arm_cc26xx_Timer_getCurrentTick__E
                          const    0x000014a8     0x4  Clock1_prm3.orm3 [2]
                                 - 0x000014ac     0x4

"A12":                                            0x4
  .const_ti_sysbios_rom_ROM_ti_sysbios_family_arm_cc26xx_Timer_getMaxTicks__E
                          const    0x000014ac     0x4  Clock1_prm3.orm3 [2]
                                 - 0x000014b0     0x4

"A9":                                             0x4
  .const_ti_sysbios_rom_ROM_ti_sysbios_family_arm_cc26xx_Timer_initDevice__I
                          const    0x000014b0     0x4  Clock1_prm3.orm3 [2]
                                 - 0x000014b4     0x4

"A85":                                            0x4
  .const_ti_sysbios_rom_ROM_ti_sysbios_family_arm_cc26xx_Timer_setNextTick__E
                          const    0x000014b4     0x4  Clock1_prm3.orm3 [2]
                                 - 0x000014b8     0x4

"A123":                                           0x4
  .const_ti_sysbios_rom_ROM_ti_sysbios_family_arm_cc26xx_Timer_setThreshold__I
                          const    0x000014b8     0x4  Clock1_prm3.orm3 [2]
                                 - 0x000014bc     0x4

"A27":                                            0x4
  .const_ti_sysbios_rom_ROM_ti_sysbios_family_arm_cc26xx_Timer_start__E
                          const    0x000014bc     0x4  Clock1_prm3.orm3 [2]
                                 - 0x000014c0     0x4

"A36":                                            0x4
  .const_ti_sysbios_rom_ROM_ti_sysbios_family_arm_cc26xx_TimestampProvider_get32__E
                          const    0x000014c0     0x4  Clock1_prm3.orm3 [2]
                                 - 0x000014c4     0x4

"A101":                                           0x4
  .const_ti_sysbios_rom_ROM_xdc_runtime_Startup_getState__I
                          const    0x000014c4     0x4  Clock1_prm3.orm3 [2]
                                 - 0x000014c8     0x4

"A98":                                            0x4
  .const_ti_sysbios_rom_ROM_xdc_runtime_System_SupportProxy_abort__E
                          const    0x000014c8     0x4  Clock1_prm3.orm3 [2]
                                 - 0x000014cc     0x4

"A95":                                            0x4
  .const_ti_sysbios_rom_ROM_xdc_runtime_System_SupportProxy_exit__E
                          const    0x000014cc     0x4  Clock1_prm3.orm3 [2]
                                 - 0x000014d0     0x4

"A11":                                            0x4
  .const_ti_sysbios_gates_GateMutex_Instance_State_sem__O
                          const    0x000014d0     0x4  Clock1_prm3.orm3 [2]
                                 - 0x000014d4     0x4

"A102":                                           0x4
  .const_ti_sysbios_knl_Clock_Module_State_clockQ__O
                          const    0x000014d4     0x4  Clock1_prm3.orm3 [2]
                                 - 0x000014d8     0x4

"A18":                                            0x4
  .const_ti_sysbios_knl_Mailbox_Instance_State_dataQue__O
                          const    0x000014d8     0x4  Clock1_prm3.orm3 [2]
                                 - 0x000014dc     0x4

"A73":                                            0x4
  .const_ti_sysbios_knl_Mailbox_Instance_State_dataSem__O
                          const    0x000014dc     0x4  Clock1_prm3.orm3 [2]
                                 - 0x000014e0     0x4

"A122":                                           0x4
  .const_ti_sysbios_knl_Mailbox_Instance_State_freeQue__O
                          const    0x000014e0     0x4  Clock1_prm3.orm3 [2]
                                 - 0x000014e4     0x4

"A79":                                            0x4
  .const_ti_sysbios_knl_Mailbox_Instance_State_freeSem__O
                          const    0x000014e4     0x4  Clock1_prm3.orm3 [2]
                                 - 0x000014e8     0x4

"A107":                                           0x4
  .const_ti_sysbios_knl_Semaphore_Instance_State_pendQ__O
                          const    0x000014e8     0x4  Clock1_prm3.orm3 [2]
                                 - 0x000014ec     0x4

"A20":                                            0x4
  .const_ti_sysbios_knl_Task_Module_State_inactiveQ__O
                          const    0x000014ec     0x4  Clock1_prm3.orm3 [2]
                                 - 0x000014f0     0x4

"P1", part 2 of 2:                             0x3238
  Veneer                  ro code  0x000014f0     0x8  - Linker created -
  Veneer                  ro code  0x000014f8     0x8  - Linker created -
  Veneer                  ro code  0x00001500     0x8  - Linker created -
  Veneer                  ro code  0x00001508     0x8  - Linker created -
  Veneer                  ro code  0x00001510     0x8  - Linker created -
  Veneer                  ro code  0x00001518     0x8  - Linker created -
  Veneer                  ro code  0x00001520     0x8  - Linker created -
  .text                   ro code  0x00001528   0x97c  rom_sysbios.obj [12]
  .text                   ro code  0x00001ea4   0x154  setup.o [7]
  .text                   ro code  0x00001ff8    0xee  I64DivMod.o [13]
  .const_xdc_runtime_SysMin_flushAtExit__C
                          const    0x000020e6     0x2  Clock1_prm3.orm3 [2]
  .text                   ro code  0x000020e8    0x2c  aon_rtc.o [7]
  Veneer                  ro code  0x00002114     0x8  - Linker created -
  Veneer                  ro code  0x0000211c     0x8  - Linker created -
  Veneer                  ro code  0x00002124     0x8  - Linker created -
  Veneer                  ro code  0x0000212c     0x8  - Linker created -
  Veneer                  ro code  0x00002134     0x8  - Linker created -
  Veneer                  ro code  0x0000213c     0x8  - Linker created -
  Veneer                  ro code  0x00002144     0x8  - Linker created -
  Veneer                  ro code  0x0000214c     0x8  - Linker created -
  Veneer                  ro code  0x00002154     0x8  - Linker created -
  Veneer                  ro code  0x0000215c     0x8  - Linker created -
  Veneer                  ro code  0x00002164     0x8  - Linker created -
  .text                   ro code  0x0000216c   0x264  Clock1_prm3.orm3 [2]
  .text                   ro code  0x000023d0    0x36  strlen.o [13]
  .const_xdc_runtime_Text_registryModsLastId__C
                          const    0x00002406     0x2  Clock1_prm3.orm3 [2]
  .text                   ro code  0x00002408     0x6  ABImemclr.o [13]
  .const_xdc_runtime_Text_unnamedModsLastId__C
                          const    0x0000240e     0x2  Clock1_prm3.orm3 [2]
  .text                   ro code  0x00002410    0xe6  chipinfo.o [7]
  .const_xdc_runtime_Text_charTab__A
                          const    0x000024f6     0x1  Clock1_prm3.orm3 [2]
  .text                   ro code  0x000024f8   0x52c  setup_rom.o [7]
  .text                   ro code  0x00002a24     0x2  I64DivZer.o [13]
  .text                   ro code  0x00002a26    0x10  write.o [14]
  .text                   ro code  0x00002a38    0x5e  ABImemset.o [13]
  .text                   ro code  0x00002a98    0x4e  ddi.o [7]
  .text                   ro code  0x00002ae8   0x158  osc.o [7]
  .text                   ro code  0x00002c40    0x1e  dwrite.o [14]
  .text                   ro code  0x00002c60    0x10  cpu.o [7]
  .text                   ro code  0x00002c70    0x28  aon_batmon.o [7]
  .text                   ro code  0x00002c98    0x30  adi.o [7]
  .text                   ro code  0x00002cc8    0x20  iarwstd.o [14]
  .text                   ro code  0x00002ce8    0x20  iarwrite.o [14]
  .text                   ro code  0x00002d08    0x6c  iarttio.o [14]
  .text                   ro code  0x00002d74     0x8  XShttio.o [6]
[...]
                        0x000013f8    0x4  Data  Gb  Clock1_prm3.orm3 [2]
ti_sysbios_knl_Task_defaultStackSize__C
                        0x000013fc    0x4  Data  Gb  Clock1_prm3.orm3 [2]
ti_sysbios_knl_Task_delete {Abs}
                        0x1001c2fd          --   Gb  command line/config [3]
ti_sysbios_knl_Task_destruct {Abs}
                        0x1001c301          --   Gb  command line/config [3]
ti_sysbios_knl_Task_disable__E {Abs}
                        0x1001c0f1          --   Gb  command line/config [3]
ti_sysbios_knl_Task_enable__E {Abs}
                        0x1001c23f          --   Gb  command line/config [3]
ti_sysbios_knl_Task_enter__I {Abs}
                        0x1001be05          --   Gb  command line/config [3]
ti_sysbios_knl_Task_exit__E {Abs}
                        0x1001b425          --   Gb  command line/config [3]
ti_sysbios_knl_Task_initStackFlag__C
                        0x00001412    0x2  Data  Gb  Clock1_prm3.orm3 [2]
ti_sysbios_knl_Task_numConstructedTasks__C
                        0x00001400    0x4  Data  Gb  Clock1_prm3.orm3 [2]
ti_sysbios_knl_Task_postInit__I {Abs}
                        0x1001a611          --   Gb  command line/config [3]
ti_sysbios_knl_Task_processVitalTaskFlag__I {Abs}
                        0x1001b735          --   Gb  command line/config [3]
ti_sysbios_knl_Task_restoreHwi__E {Abs}
                        0x1001be25          --   Gb  command line/config [3]
ti_sysbios_knl_Task_restore__E {Abs}
                        0x1001ba45          --   Gb  command line/config [3]
ti_sysbios_knl_Task_schedule__I {Abs}
                        0x1001b175          --   Gb  command line/config [3]
ti_sysbios_knl_Task_self__E {Abs}
                        0x1001c1e1          --   Gb  command line/config [3]
ti_sysbios_knl_Task_sleepTimeout__I {Abs}
                        0x1001bf7d          --   Gb  command line/config [3]
ti_sysbios_knl_Task_sleep__E {Abs}
                        0x1001a9d9          --   Gb  command line/config [3]
ti_sysbios_knl_Task_startCore__E {Abs}
                        0x1001ae75          --   Gb  command line/config [3]
ti_sysbios_knl_Task_startup__E {Abs}
                        0x1001c305          --   Gb  command line/config [3]
ti_sysbios_knl_Task_swapReturn {Abs}
                        0x1001ca6d          --   Gb  command line/config [3]
ti_sysbios_knl_Task_unblockI__E {Abs}
                        0x1001b9a1          --   Gb  command line/config [3]
ti_sysbios_knl_Task_unblock__E {Abs}
                        0x1001bfb1          --   Gb  command line/config [3]
ti_sysbios_knl_Task_yield__E {Abs}
                        0x1001b3a5          --   Gb  command line/config [3]
ti_sysbios_rom_ROM_AONRTCChannelEnable
                        0x00001494    0x4  Data  Gb  Clock1_prm3.orm3 [2]
ti_sysbios_rom_ROM_AONRTCCompareValueSet
                        0x00001498    0x4  Data  Gb  Clock1_prm3.orm3 [2]
ti_sysbios_rom_ROM_AONRTCCurrentCompareValueGet
                        0x0000149c    0x4  Data  Gb  Clock1_prm3.orm3 [2]
ti_sysbios_rom_ROM_AONRTCEventClear
                        0x000014a0    0x4  Data  Gb  Clock1_prm3.orm3 [2]
ti_sysbios_rom_ROM_ti_sysbios_family_arm_cc26xx_Timer_getCount64__E
                        0x000014a4    0x4  Data  Gb  Clock1_prm3.orm3 [2]
ti_sysbios_rom_ROM_ti_sysbios_family_arm_cc26xx_Timer_getCurrentTick__E
                        0x000014a8    0x4  Data  Gb  Clock1_prm3.orm3 [2]
ti_sysbios_rom_ROM_ti_sysbios_family_arm_cc26xx_Timer_getMaxTicks__E
                        0x000014ac    0x4  Data  Gb  Clock1_prm3.orm3 [2]
ti_sysbios_rom_ROM_ti_sysbios_family_arm_cc26xx_Timer_initDevice__I
                        0x000014b0    0x4  Data  Gb  Clock1_prm3.orm3 [2]
ti_sysbios_rom_ROM_ti_sysbios_family_arm_cc26xx_Timer_setNextTick__E
                        0x000014b4    0x4  Data  Gb  Clock1_prm3.orm3 [2]
ti_sysbios_rom_ROM_ti_sysbios_family_arm_cc26xx_Timer_setThreshold__I
                        0x000014b8    0x4  Data  Gb  Clock1_prm3.orm3 [2]
ti_sysbios_rom_ROM_ti_sysbios_family_arm_cc26xx_Timer_start__E
                        0x000014bc    0x4  Data  Gb  Clock1_prm3.orm3 [2]
ti_sysbios_rom_ROM_ti_sysbios_family_arm_cc26xx_TimestampProvider_get32__E
                        0x000014c0    0x4  Data  Gb  Clock1_prm3.orm3 [2]
ti_sysbios_rom_ROM_xdc_runtime_Startup_getState__I
                        0x000014c4    0x4  Data  Gb  Clock1_prm3.orm3 [2]
ti_sysbios_rom_ROM_xdc_runtime_System_SupportProxy_abort__E
                        0x000014c8    0x4  Data  Gb  Clock1_prm3.orm3 [2]
ti_sysbios_rom_ROM_xdc_runtime_System_SupportProxy_exit__E
                        0x000014cc    0x4  Data  Gb  Clock1_prm3.orm3 [2]
ti_sysbios_rom_cortexm_cc13xx_CC13xx_badRomLink__E
                        0x000023a3    0x2  Code  Gb  Clock1_prm3.orm3 [2]
ti_sysbios_rom_cortexm_cc13xx_CC13xx_badRomRevision__E
                        0x000023a1    0x2  Code  Gb  Clock1_prm3.orm3 [2]
ti_sysbios_rom_cortexm_cc13xx_CC13xx_getRevision__E {Abs}
                        0x1001ca97          --   Gb  command line/config [3]
xdc_runtime_Assert_E_assertFailed__C
                        0x00001428    0x4  Data  Gb  Clock1_prm3.orm3 [2]
xdc_runtime_Assert_raise__I {Abs}
                        0x1001c5a5          --   Gb  command line/config [3]
xdc_runtime_Core_assignLabel__I {Abs}
                        0x1001c6e9          --   Gb  command line/config [3]
xdc_runtime_Core_assignParams__I {Abs}
                        0x1001c5ed          --   Gb  command line/config [3]
xdc_runtime_Core_constructObject__I {Abs}
                        0x1001c635          --   Gb  command line/config [3]
xdc_runtime_Core_createObject__I {Abs}
                        0x1001c401          --   Gb  command line/config [3]
xdc_runtime_Core_deleteObject__I {Abs}
                        0x1001c4f5          --   Gb  command line/config [3]
xdc_runtime_Core_destructObject__I {Abs}
                        0x1001c79d          --   Gb  command line/config [3]
xdc_runtime_Error_E_memory__C
                        0x0000142c    0x4  Data  Gb  Clock1_prm3.orm3 [2]
xdc_runtime_Error_check__E {Abs}
                        0x1001c7b5          --   Gb  command line/config [3]
xdc_runtime_Error_init__E {Abs}
                        0x1001c83d          --   Gb  command line/config [3]
xdc_runtime_Error_policyFxn__C
                        0x00001430    0x4  Data  Gb  Clock1_prm3.orm3 [2]
xdc_runtime_Error_policySpin__E {Abs}
                        0x1001c483          --   Gb  command line/config [3]
xdc_runtime_Error_policy__C
                        0x00001490    0x1  Data  Gb  Clock1_prm3.orm3 [2]
xdc_runtime_Error_raiseX__E {Abs}
                        0x1001c765          --   Gb  command line/config [3]
xdc_runtime_Gate_enterSystem__E {Abs}
                        0x1001c881          --   Gb  command line/config [3]
xdc_runtime_Gate_leaveSystem__E {Abs}
                        0x1001c875          --   Gb  command line/config [3]
xdc_runtime_IGateProvider_Interface__BASE__C
                        0x00001434    0x4  Data  Gb  Clock1_prm3.orm3 [2]
xdc_runtime_IHeap_Interface__BASE__C
                        0x00001438    0x4  Data  Gb  Clock1_prm3.orm3 [2]
xdc_runtime_IModule_Interface__BASE__C
                        0x0000143c    0x4  Data  Gb  Clock1_prm3.orm3 [2]
xdc_runtime_Main_Module__diagsEnabled__C
                        0x00001440    0x4  Data  Gb  Clock1_prm3.orm3 [2]
xdc_runtime_Main_Module__diagsIncluded__C
                        0x00001444    0x4  Data  Gb  Clock1_prm3.orm3 [2]
xdc_runtime_Main_Module__diagsMask__C
                        0x00001448    0x4  Data  Gb  Clock1_prm3.orm3 [2]
xdc_runtime_Main_Module__id__C
                        0x00001488    0x2  Data  Gb  Clock1_prm3.orm3 [2]
xdc_runtime_Memory_HeapProxy_Handle__label__S {Abs}
                        0x1001bc85          --   Gb  command line/config [3]
xdc_runtime_Memory_HeapProxy_Object__delete__S {Abs}
                        0x1001bca5          --   Gb  command line/config [3]
xdc_runtime_Memory_HeapProxy_alloc__E {Abs}
                        0x1001c885          --   Gb  command line/config [3]
xdc_runtime_Memory_HeapProxy_free__E {Abs}
                        0x1001c889          --   Gb  command line/config [3]
xdc_runtime_Memory_Module__id__C
                        0x0000148a    0x2  Data  Gb  Clock1_prm3.orm3 [2]
xdc_runtime_Memory_Module__state__V
                        0x20000200    0x4  Data  Gb  Clock1_prm3.orm3 [2]
xdc_runtime_Memory_alloc__E {Abs}
                        0x1001c485          --   Gb  command line/config [3]
xdc_runtime_Memory_calloc__E {Abs}
                        0x1001c849          --   Gb  command line/config [3]
xdc_runtime_Memory_defaultHeapInstance__C
                        0x0000144c    0x4  Data  Gb  Clock1_prm3.orm3 [2]
xdc_runtime_Memory_free__E {Abs}
                        0x1001c7fd          --   Gb  command line/config [3]
xdc_runtime_Memory_getMaxDefaultTypeAlign__E {Abs}
                        0x1001c855          --   Gb  command line/config [3]
xdc_runtime_Memory_valloc__E {Abs}
                        0x1001c781          --   Gb  command line/config [3]
xdc_runtime_Registry_Module__state__V
                        0x20000518    0x8  Data  Gb  Clock1_prm3.orm3 [2]
xdc_runtime_Registry_findById__E
                        0x0000181d   0x16  Code  Gb  rom_sysbios.obj [12]
xdc_runtime_Startup_Module__state__V
                        0x200001f0    0x8  Data  Gb  Clock1_prm3.orm3 [2]
xdc_runtime_Startup__EXECFXN__C {Abs}
                        0x00000001          --   Gb  command line/config [3]
xdc_runtime_Startup__RESETFXN__C {Abs}
                        0x00000001          --   Gb  command line/config [3]
xdc_runtime_Startup_execImpl__C
                        0x00001450    0x4  Data  Gb  Clock1_prm3.orm3 [2]
xdc_runtime_Startup_exec__E {Abs}
                        0x1001c555          --   Gb  command line/config [3]
xdc_runtime_Startup_exec__I
                        0x000021f5   0x10  Code  Gb  Clock1_prm3.orm3 [2]
xdc_runtime_Startup_firstFxns__A
                        0x0000454c   0x10  Data  Gb  Clock1_prm3.orm3 [2]
xdc_runtime_Startup_firstFxns__C
                        0x00001418    0x8  Data  Gb  Clock1_prm3.orm3 [2]
xdc_runtime_Startup_getState__I
                        0x0000216d   0x88  Code  Gb  Clock1_prm3.orm3 [2]
xdc_runtime_Startup_lastFxns__C
                        0x00001420    0x8  Data  Gb  Clock1_prm3.orm3 [2]
xdc_runtime_Startup_maxPasses__C
                        0x00001454    0x4  Data  Gb  Clock1_prm3.orm3 [2]
xdc_runtime_Startup_reset__I
                        0x00002205   0x32  Code  Gb  Clock1_prm3.orm3 [2]
xdc_runtime_Startup_rtsDone__E
                        0x00001839    0x8  Code  Gb  rom_sysbios.obj [12]
xdc_runtime_Startup_sfxnRts__A
                        0x00004538   0x14  Data  Gb  Clock1_prm3.orm3 [2]
xdc_runtime_Startup_sfxnRts__C
                        0x00001458    0x4  Data  Gb  Clock1_prm3.orm3 [2]
xdc_runtime_Startup_sfxnTab__A
                        0x00004334   0x28  Data  Gb  Clock1_prm3.orm3 [2]
xdc_runtime_Startup_sfxnTab__C
                        0x0000145c    0x4  Data  Gb  Clock1_prm3.orm3 [2]
xdc_runtime_Startup_startModsFxn__C
                        0x00001460    0x4  Data  Gb  Clock1_prm3.orm3 [2]
xdc_runtime_Startup_startMods__I {Abs}
                        0x1001c309          --   Gb  command line/config [3]
xdc_runtime_SysCallback_abortFxn__C
                        0x00001464    0x4  Data  Gb  Clock1_prm3.orm3 [2]
xdc_runtime_SysCallback_abort__E {Abs}
                        0x1001c80d          --   Gb  command line/config [3]
xdc_runtime_SysCallback_defaultAbort
                        0x00001baf    0x2  Code  Gb  rom_sysbios.obj [12]
xdc_runtime_SysCallback_defaultExit
                        0x00001bb1    0x2  Code  Gb  rom_sysbios.obj [12]
xdc_runtime_SysCallback_exitFxn__C
                        0x00001468    0x4  Data  Gb  Clock1_prm3.orm3 [2]
xdc_runtime_SysCallback_exit__E {Abs}
                        0x1001c81d          --   Gb  command line/config [3]
xdc_runtime_SysMin_Module_State_0_outbuf__A
                        0x20000b30  0x200  Data  Gb  Clock1_prm3.orm3 [2]
xdc_runtime_SysMin_Module__state__V
                        0x20000520    0xc  Data  Gb  Clock1_prm3.orm3 [2]
xdc_runtime_SysMin_Module_startup__E
                        0x00001bb3   0x18  Code  Gb  rom_sysbios.obj [12]
xdc_runtime_SysMin_abort__E
                        0x00001bcb   0x30  Code  Gb  rom_sysbios.obj [12]
xdc_runtime_SysMin_bufSize__C
                        0x00004584    0x4  Data  Gb  Clock1_prm3.orm3 [2]
xdc_runtime_SysMin_exit__E
                        0x00001bfb   0x14  Code  Gb  rom_sysbios.obj [12]
xdc_runtime_SysMin_flushAtExit__C
                        0x000020e6    0x2  Data  Gb  Clock1_prm3.orm3 [2]
xdc_runtime_SysMin_flush__E
                        0x00001c4d   0x38  Code  Gb  rom_sysbios.obj [12]
xdc_runtime_SysMin_outputFunc__C
                        0x00004588    0x4  Data  Gb  Clock1_prm3.orm3 [2]
xdc_runtime_SysMin_output__I
                        0x000022f5   0x26  Code  Gb  Clock1_prm3.orm3 [2]
xdc_runtime_SysMin_putch__E
                        0x00001c0f   0x32  Code  Gb  rom_sysbios.obj [12]
xdc_runtime_SysMin_ready__E
                        0x00001c41    0xc  Code  Gb  rom_sysbios.obj [12]
xdc_runtime_System_Module_GateProxy_Handle__label__S {Abs}
                        0x1001bbe5          --   Gb  command line/config [3]
xdc_runtime_System_Module_GateProxy_Object__delete__S {Abs}
                        0x1001bc05          --   Gb  command line/config [3]
xdc_runtime_System_Module_GateProxy_enter__E {Abs}
                        0x1001c88d          --   Gb  command line/config [3]
xdc_runtime_System_Module_GateProxy_leave__E {Abs}
                        0x1001c891          --   Gb  command line/config [3]
xdc_runtime_System_Module_GateProxy_query__E {Abs}
                        0x1001c265          --   Gb  command line/config [3]
xdc_runtime_System_Module_State_0_atexitHandlers__A
                        0x20000f64    0x8  Data  Gb  Clock1_prm3.orm3 [2]
xdc_runtime_System_Module__state__V
                        0x200001f8    0x8  Data  Gb  Clock1_prm3.orm3 [2]
xdc_runtime_System_Module_startup__E {Abs}
                        0x1001c87b          --   Gb  command line/config [3]
xdc_runtime_System_SupportProxy_abort__E
                        0x000023a5    0x4  Code  Gb  Clock1_prm3.orm3 [2]
xdc_runtime_System_SupportProxy_exit__E
                        0x000023a9    0x4  Code  Gb  Clock1_prm3.orm3 [2]
xdc_runtime_System_SupportProxy_putch__E
                        0x000023ad    0x4  Code  Gb  Clock1_prm3.orm3 [2]
xdc_runtime_System_SupportProxy_ready__E
                        0x000023b1    0x4  Code  Gb  Clock1_prm3.orm3 [2]
xdc_runtime_System_abortFxn__C
                        0x0000146c    0x4  Data  Gb  Clock1_prm3.orm3 [2]
xdc_runtime_System_abortSpin__E {Abs}
                        0x1001c895          --   Gb  command line/config [3]
xdc_runtime_System_abort__E {Abs}
                        0x1001c745          --   Gb  command line/config [3]
xdc_runtime_System_atexit__E {Abs}
                        0x1001c67d          --   Gb  command line/config [3]
xdc_runtime_System_doPrint__I
                        0x00001885  0x272  Code  Gb  rom_sysbios.obj [12]
xdc_runtime_System_exitFxn__C
                        0x00001470    0x4  Data  Gb  Clock1_prm3.orm3 [2]
xdc_runtime_System_exitSpin__E {Abs}
                        0x1001c897          --   Gb  command line/config [3]
xdc_runtime_System_exit__E {Abs}
                        0x1001c7cd          --   Gb  command line/config [3]
xdc_runtime_System_extendFxn__C
                        0x0000458c    0x4  Data  Gb  Clock1_prm3.orm3 [2]
xdc_runtime_System_formatNum__I
                        0x00001b39   0x48  Code  Gb  rom_sysbios.obj [12]
xdc_runtime_System_maxAtexitHandlers__C
                        0x00001474    0x4  Data  Gb  Clock1_prm3.orm3 [2]
xdc_runtime_System_printfExtend__I
                        0x00002237   0xbe  Code  Gb  Clock1_prm3.orm3 [2]
xdc_runtime_System_printf__E
                        0x000040f5         Code  Gb  rom_sysbios_config.obj [12]
xdc_runtime_System_printf_va__F
                        0x00001845    0x2  Code  Gb  rom_sysbios.obj [12]
xdc_runtime_System_processAtExit__E {Abs}
                        0x1001c6b5          --   Gb  command line/config [3]
xdc_runtime_System_putchar__I
                        0x00001b81   0x24  Code  Gb  rom_sysbios.obj [12]
xdc_runtime_System_vprintf__E
                        0x00001847   0x14  Code  Gb  rom_sysbios.obj [12]
xdc_runtime_System_vsnprintf__E
                        0x00001879    0xc  Code  Gb  rom_sysbios.obj [12]
xdc_runtime_Text_charCnt__C
                        0x0000148c    0x2  Data  Gb  Clock1_prm3.orm3 [2]
xdc_runtime_Text_charTab__A
                        0x000024f6    0x1  Data  Gb  Clock1_prm3.orm3 [2]
xdc_runtime_Text_charTab__C
                        0x00001478    0x4  Data  Gb  Clock1_prm3.orm3 [2]
xdc_runtime_Text_cordText__E {Abs}
                        0x1001c719          --   Gb  command line/config [3]
xdc_runtime_Text_isLoaded__C
                        0x0000148e    0x2  Data  Gb  Clock1_prm3.orm3 [2]
xdc_runtime_Text_nameEmpty__C
                        0x0000147c    0x4  Data  Gb  Clock1_prm3.orm3 [2]
xdc_runtime_Text_nameStatic__C
                        0x00001480    0x4  Data  Gb  Clock1_prm3.orm3 [2]
xdc_runtime_Text_nameUnknown__C
                        0x00001484    0x4  Data  Gb  Clock1_prm3.orm3 [2]
xdc_runtime_Text_printVisFxn__I
                        0x00001c87   0x2c  Code  Gb  rom_sysbios.obj [12]
xdc_runtime_Text_putLab__E
                        0x00001cb5   0x52  Code  Gb  rom_sysbios.obj [12]
xdc_runtime_Text_putMod__E
                        0x00001d09   0x60  Code  Gb  rom_sysbios.obj [12]
xdc_runtime_Text_putSite__E
                        0x00001d69   0x76  Code  Gb  rom_sysbios.obj [12]
xdc_runtime_Text_registryModsLastId__C
                        0x00002406    0x2  Data  Gb  Clock1_prm3.orm3 [2]
xdc_runtime_Text_ropeText__E {Abs}
                        0x1001c7e5          --   Gb  command line/config [3]
xdc_runtime_Text_unnamedModsLastId__C
                        0x0000240e    0x2  Data  Gb  Clock1_prm3.orm3 [2]
xdc_runtime_Text_visitRopeFxn__C
                        0x00004590    0x4  Data  Gb  Clock1_prm3.orm3 [2]
xdc_runtime_Text_visitRope__I
                        0x0000231b    0x8  Code  Gb  Clock1_prm3.orm3 [2]
xdc_runtime_Text_xprintf__I
                        0x00001e21   0x2c  Code  Gb  rom_sysbios.obj [12]
xdc_runtime_Timestamp_SupportProxy_get32__E {Abs}
                        0x1001c82d          --   Gb  command line/config [3]
xdc_runtime_Timestamp_SupportProxy_get64__E {Abs}
                        0x1001b9cd          --   Gb  command line/config [3]
xdc_runtime_Timestamp_SupportProxy_getFreq__E {Abs}
                        0x1001c12b          --   Gb  command line/config [3]
xdc_runtime_Timestamp_get32__E {Abs}
                        0x1001c82d          --   Gb  command line/config [3]
xdc_runtime_Timestamp_get64__E {Abs}
                        0x1001b9cd          --   Gb  command line/config [3]
xdc_runtime_Timestamp_getFreq__E {Abs}
                        0x1001c12b          --   Gb  command line/config [3]


[1] = C:\Users\yxd\Desktop\Clock1\Debug\Obj
[2] = C:\Users\yxd\Desktop\Clock1\configPkg\package\cfg
[3] = command line
[4] = boot.arm3
[5] = display.arm3
[6] = dl7M_tln.a
[7] = driverlib.lib
[8] = drivers_cc13xxware.arm3
[9] = lcd.arm3
[10] = m7M_tl.a
[11] = power_cc13xx_tirtos.arm3
[12] = rom_sysbios.arm3
[13] = rt7M_tl.a
[14] = shb_l.a
[15] = tirtosport.arm3

  11 845 bytes of readonly  code memory
   2 411 bytes of readonly  data memory
   5 755 bytes of readwrite data memory

Errors: none
Warnings: none
